Archive member included to satisfy reference by file (symbol)

/home/pedro/.pico-sdk/toolchain/14_2_Rel1/bin/../lib/gcc/arm-none-eabi/14.2.1/thumb/v6-m/nofp/libgcc.a(_dvmd_tls.o)
                              CMakeFiles/iot_security_lab.dir/home/pedro/.pico-sdk/sdk/2.1.1/src/rp2_common/pico_divider/divider_hardware.S.o (__aeabi_idiv0)
/home/pedro/.pico-sdk/toolchain/14_2_Rel1/bin/../lib/gcc/arm-none-eabi/14.2.1/../../../../arm-none-eabi/lib/thumb/v6-m/nofp/libg.a(libc_a-atoi.o)
                              CMakeFiles/iot_security_lab.dir/home/pedro/.pico-sdk/sdk/2.1.1/lib/lwip/src/core/netif.c.o (atoi)
/home/pedro/.pico-sdk/toolchain/14_2_Rel1/bin/../lib/gcc/arm-none-eabi/14.2.1/../../../../arm-none-eabi/lib/thumb/v6-m/nofp/libg.a(libc_a-calloc.o)
                              CMakeFiles/iot_security_lab.dir/home/pedro/.pico-sdk/sdk/2.1.1/src/rp2_common/pico_malloc/malloc.c.o (calloc)
/home/pedro/.pico-sdk/toolchain/14_2_Rel1/bin/../lib/gcc/arm-none-eabi/14.2.1/../../../../arm-none-eabi/lib/thumb/v6-m/nofp/libg.a(libc_a-callocr.o)
                              /home/pedro/.pico-sdk/toolchain/14_2_Rel1/bin/../lib/gcc/arm-none-eabi/14.2.1/../../../../arm-none-eabi/lib/thumb/v6-m/nofp/libg.a(libc_a-calloc.o) (_calloc_r)
/home/pedro/.pico-sdk/toolchain/14_2_Rel1/bin/../lib/gcc/arm-none-eabi/14.2.1/../../../../arm-none-eabi/lib/thumb/v6-m/nofp/libg.a(libc_a-malloc.o)
                              CMakeFiles/iot_security_lab.dir/home/pedro/.pico-sdk/sdk/2.1.1/src/rp2_common/pico_malloc/malloc.c.o (malloc)
/home/pedro/.pico-sdk/toolchain/14_2_Rel1/bin/../lib/gcc/arm-none-eabi/14.2.1/../../../../arm-none-eabi/lib/thumb/v6-m/nofp/libg.a(libc_a-mallocr.o)
                              /home/pedro/.pico-sdk/toolchain/14_2_Rel1/bin/../lib/gcc/arm-none-eabi/14.2.1/../../../../arm-none-eabi/lib/thumb/v6-m/nofp/libg.a(libc_a-callocr.o) (_malloc_r)
/home/pedro/.pico-sdk/toolchain/14_2_Rel1/bin/../lib/gcc/arm-none-eabi/14.2.1/../../../../arm-none-eabi/lib/thumb/v6-m/nofp/libg.a(libc_a-mlock.o)
                              /home/pedro/.pico-sdk/toolchain/14_2_Rel1/bin/../lib/gcc/arm-none-eabi/14.2.1/../../../../arm-none-eabi/lib/thumb/v6-m/nofp/libg.a(libc_a-mallocr.o) (__malloc_lock)
/home/pedro/.pico-sdk/toolchain/14_2_Rel1/bin/../lib/gcc/arm-none-eabi/14.2.1/../../../../arm-none-eabi/lib/thumb/v6-m/nofp/libg.a(libc_a-realloc.o)
                              CMakeFiles/iot_security_lab.dir/home/pedro/.pico-sdk/sdk/2.1.1/src/rp2_common/pico_malloc/malloc.c.o (realloc)
/home/pedro/.pico-sdk/toolchain/14_2_Rel1/bin/../lib/gcc/arm-none-eabi/14.2.1/../../../../arm-none-eabi/lib/thumb/v6-m/nofp/libg.a(libc_a-reallocr.o)
                              /home/pedro/.pico-sdk/toolchain/14_2_Rel1/bin/../lib/gcc/arm-none-eabi/14.2.1/../../../../arm-none-eabi/lib/thumb/v6-m/nofp/libg.a(libc_a-realloc.o) (_realloc_r)
/home/pedro/.pico-sdk/toolchain/14_2_Rel1/bin/../lib/gcc/arm-none-eabi/14.2.1/../../../../arm-none-eabi/lib/thumb/v6-m/nofp/libg.a(libc_a-strtol.o)
                              /home/pedro/.pico-sdk/toolchain/14_2_Rel1/bin/../lib/gcc/arm-none-eabi/14.2.1/../../../../arm-none-eabi/lib/thumb/v6-m/nofp/libg.a(libc_a-atoi.o) (_strtol_r)
/home/pedro/.pico-sdk/toolchain/14_2_Rel1/bin/../lib/gcc/arm-none-eabi/14.2.1/../../../../arm-none-eabi/lib/thumb/v6-m/nofp/libg.a(libc_a-ctype_.o)
                              CMakeFiles/iot_security_lab.dir/home/pedro/.pico-sdk/sdk/2.1.1/lib/lwip/src/core/dns.c.o (_ctype_)
/home/pedro/.pico-sdk/toolchain/14_2_Rel1/bin/../lib/gcc/arm-none-eabi/14.2.1/../../../../arm-none-eabi/lib/thumb/v6-m/nofp/libg.a(libc_a-memcmp.o)
                              CMakeFiles/iot_security_lab.dir/home/pedro/.pico-sdk/sdk/2.1.1/src/rp2_common/pico_atomic/atomic.c.o (memcmp)
/home/pedro/.pico-sdk/toolchain/14_2_Rel1/bin/../lib/gcc/arm-none-eabi/14.2.1/../../../../arm-none-eabi/lib/thumb/v6-m/nofp/libg.a(libc_a-memmove.o)
                              CMakeFiles/iot_security_lab.dir/home/pedro/.pico-sdk/sdk/2.1.1/lib/lwip/src/core/def.c.o (memmove)
/home/pedro/.pico-sdk/toolchain/14_2_Rel1/bin/../lib/gcc/arm-none-eabi/14.2.1/../../../../arm-none-eabi/lib/thumb/v6-m/nofp/libg.a(libc_a-strncmp.o)
                              CMakeFiles/iot_security_lab.dir/home/pedro/.pico-sdk/sdk/2.1.1/lib/lwip/src/core/def.c.o (strncmp)
/home/pedro/.pico-sdk/toolchain/14_2_Rel1/bin/../lib/gcc/arm-none-eabi/14.2.1/../../../../arm-none-eabi/lib/thumb/v6-m/nofp/libg.a(libc_a-lcltime_r.o)
                              CMakeFiles/iot_security_lab.dir/home/pedro/.pico-sdk/sdk/2.1.1/src/common/pico_util/datetime.c.o (localtime_r)
/home/pedro/.pico-sdk/toolchain/14_2_Rel1/bin/../lib/gcc/arm-none-eabi/14.2.1/../../../../arm-none-eabi/lib/thumb/v6-m/nofp/libg.a(libc_a-mktime.o)
                              CMakeFiles/iot_security_lab.dir/home/pedro/.pico-sdk/sdk/2.1.1/src/common/pico_util/datetime.c.o (mktime)
[...]
Memory Configuration

Name             Origin             Length             Attributes
FLASH            0x10000000         0x00200000         xr
RAM              0x20000000         0x00040000         xrw
SCRATCH_X        0x20040000         0x00001000         xrw
SCRATCH_Y        0x20041000         0x00001000         xrw
*default*        0x00000000         0xffffffff

Linker script and memory map

LOAD /home/pedro/.pico-sdk/toolchain/14_2_Rel1/bin/../lib/gcc/arm-none-eabi/14.2.1/thumb/v6-m/nofp/crti.o
LOAD /home/pedro/.pico-sdk/toolchain/14_2_Rel1/bin/../lib/gcc/arm-none-eabi/14.2.1/thumb/v6-m/nofp/crtbegin.o
LOAD /home/pedro/.pico-sdk/toolchain/14_2_Rel1/bin/../lib/gcc/arm-none-eabi/14.2.1/../../../../arm-none-eabi/lib/thumb/v6-m/nofp/crt0.o

.flash_begin    0x10000000        0x0
                0x10000000                        __flash_binary_start = .

.boot2          0x10000000      0x100
                0x10000000                        __boot2_start__ = .
 *(.boot2)
 .boot2         0x10000000      0x100 pico-sdk/src/rp2040/boot_stage2/CMakeFiles/bs2_default_library.dir/./bs2_default_padded_checksummed.S.o
                0x10000100                        __boot2_end__ = .
                0x00000001                        ASSERT (((__boot2_end__ - __boot2_start__) == 0x100), ERROR: Pico second stage bootloader must be 256 bytes in size)

.text           0x10000100    0x182b4
                0x10000100                        __logical_binary_start = .
 *(.vectors)
 .vectors       0x10000100       0xd4 CMakeFiles/iot_security_lab.dir/home/pedro/.pico-sdk/sdk/2.1.1/src/rp2_common/pico_crt0/crt0.S.o
                0x10000100                __vectors
                0x10000100                __VECTOR_TABLE
                0x100001c0                isr_invalid
                0x100001c0                __default_isrs_start
                0x100001c2                isr_nmi
                0x100001c4                isr_hardfault
                0x100001c6                isr_svcall
                0x100001c8                isr_pendsv
                0x100001ca                isr_systick
                0x100001cc                isr_irq30
                0x100001cc                __unhandled_user_irq
                0x100001cc                isr_irq13
                0x100001cc                isr_irq27
                0x100001cc                isr_irq31
                0x100001cc                isr_irq5
                0x100001cc                isr_irq11
                0x100001cc                isr_irq23
                0x100001cc                isr_irq18
                0x100001cc                isr_irq28
                0x100001cc                isr_irq19
                0x100001cc                isr_irq0
                0x100001cc                isr_irq6
                0x100001cc                isr_irq22
                0x100001cc                isr_irq17
                0x100001cc                isr_irq14
                0x100001cc                isr_irq2
                0x100001cc                isr_irq10
                0x100001cc                isr_irq8
                0x100001cc                isr_irq24
                0x100001cc                isr_irq1
                0x100001cc                isr_irq7
                0x100001cc                isr_irq21
                0x100001cc                isr_irq20
                0x100001cc                isr_irq15
                0x100001cc                isr_irq25
                0x100001cc                isr_irq4
                0x100001cc                isr_irq16
                0x100001cc                isr_irq29
                0x100001cc                isr_irq26
                0x100001cc                __default_isrs_end
                0x100001cc                isr_irq3
                0x100001cc                isr_irq12
                0x100001cc                isr_irq9
                0x100001d2                unhandled_user_irq_num_in_r0
 *(.binary_info_header)
 .binary_info_header
                0x100001d4       0x14 CMakeFiles/iot_security_lab.dir/home/pedro/.pico-sdk/sdk/2.1.1/src/rp2_common/pico_crt0/crt0.S.o
                0x100001e8                        __binary_info_header_end = .
 *(.embedded_block)
                0x100001e8                        __embedded_block_end = .
 *(.reset)
 .reset         0x100001e8       0x9c CMakeFiles/iot_security_lab.dir/home/pedro/.pico-sdk/sdk/2.1.1/src/rp2_common/pico_crt0/crt0.S.o
                0x100001e8                _entry_point
 *(.init)
 .init          0x10000284        0x4 /home/pedro/.pico-sdk/toolchain/14_2_Rel1/bin/../lib/gcc/arm-none-eabi/14.2.1/thumb/v6-m/nofp/crti.o
                0x10000284                _init
 *(EXCLUDE_FILE(*libm.a: *libc.a:*lib_a-mem*.o *libgcc.a:) .text*)
 .text.register_tm_clones
                0x10000288       0x28 /home/pedro/.pico-sdk/toolchain/14_2_Rel1/bin/../lib/gcc/arm-none-eabi/14.2.1/thumb/v6-m/nofp/crtbegin.o
 .text.frame_dummy
                0x100002b0       0x24 /home/pedro/.pico-sdk/toolchain/14_2_Rel1/bin/../lib/gcc/arm-none-eabi/14.2.1/thumb/v6-m/nofp/crtbegin.o
 .text.startup.main
                0x100002d4       0x90 CMakeFiles/iot_security_lab.dir/iot_security_lab.c.o
                0x100002d4                main
 .text.mqtt_connection_cb
                0x10000364       0x20 CMakeFiles/iot_security_lab.dir/src/mqtt_comm.c.o
 .text.mqtt_pub_request_cb
                0x10000384       0x20 CMakeFiles/iot_security_lab.dir/src/mqtt_comm.c.o
 .text.mqtt_setup
                0x100003a4       0x78 CMakeFiles/iot_security_lab.dir/src/mqtt_comm.c.o
                0x100003a4                mqtt_setup
 .text.mqtt_comm_publish
                0x1000041c       0x3c CMakeFiles/iot_security_lab.dir/src/mqtt_comm.c.o
                0x1000041c                mqtt_comm_publish
 .text.connect_to_wifi
                0x10000458       0x50 CMakeFiles/iot_security_lab.dir/src/wifi_conn.c.o
                0x10000458                connect_to_wifi
 .text.xor_encrypt
                0x100004a8       0x70 CMakeFiles/iot_security_lab.dir/src/xor_cipher.c.o
                0x100004a8                xor_encrypt
 .text.gpio_set_function
                0x10000518       0x34 CMakeFiles/iot_security_lab.dir/home/pedro/.pico-sdk/sdk/2.1.1/src/rp2_common/hardware_gpio/gpio.c.o
                0x10000518                gpio_set_function
 .text.gpio_set_pulls
                0x1000054c       0x28 CMakeFiles/iot_security_lab.dir/home/pedro/.pico-sdk/sdk/2.1.1/src/rp2_common/hardware_gpio/gpio.c.o
                0x1000054c                gpio_set_pulls
 .text.gpio_set_input_hysteresis_enabled
                0x10000574       0x28 CMakeFiles/iot_security_lab.dir/home/pedro/.pico-sdk/sdk/2.1.1/src/rp2_common/hardware_gpio/gpio.c.o
                0x10000574                gpio_set_input_hysteresis_enabled
 .text.gpio_set_irq_enabled
                0x1000059c       0x58 CMakeFiles/iot_security_lab.dir/home/pedro/.pico-sdk/sdk/2.1.1/src/rp2_common/hardware_gpio/gpio.c.o
                0x1000059c                gpio_set_irq_enabled
 .text.gpio_add_raw_irq_handler_with_order_priority_masked
                0x100005f4       0x44 CMakeFiles/iot_security_lab.dir/home/pedro/.pico-sdk/sdk/2.1.1/src/rp2_common/hardware_gpio/gpio.c.o
                0x100005f4                gpio_add_raw_irq_handler_with_order_priority_masked
 .text.gpio_remove_raw_irq_handler_masked
                0x10000638       0x20 CMakeFiles/iot_security_lab.dir/home/pedro/.pico-sdk/sdk/2.1.1/src/rp2_common/hardware_gpio/gpio.c.o
                0x10000638                gpio_remove_raw_irq_handler_masked
 .text.gpio_init
                0x10000658       0x40 CMakeFiles/iot_security_lab.dir/home/pedro/.pico-sdk/sdk/2.1.1/src/rp2_common/hardware_gpio/gpio.c.o
                0x10000658                gpio_init
 .text.rp2040_chip_version
                0x10000698        0xc CMakeFiles/iot_security_lab.dir/home/pedro/.pico-sdk/sdk/2.1.1/src/rp2040/pico_platform/platform.c.o
                0x10000698                rp2040_chip_version
 .text.panic    0x100006a4       0x30 CMakeFiles/iot_security_lab.dir/home/pedro/.pico-sdk/sdk/2.1.1/src/rp2_common/pico_platform_panic/panic.c.o
                0x100006a4                panic
 .text.hw_claim_lock
                0x100006d4       0x18 CMakeFiles/iot_security_lab.dir/home/pedro/.pico-sdk/sdk/2.1.1/src/common/hardware_claim/claim.c.o
                0x100006d4                hw_claim_lock
 .text.hw_claim_unlock
                0x100006ec       0x14 CMakeFiles/iot_security_lab.dir/home/pedro/.pico-sdk/sdk/2.1.1/src/common/hardware_claim/claim.c.o
                0x100006ec                hw_claim_unlock
 .text.hw_claim_or_assert
                0x10000700       0x44 CMakeFiles/iot_security_lab.dir/home/pedro/.pico-sdk/sdk/2.1.1/src/common/hardware_claim/claim.c.o
                0x10000700                hw_claim_or_assert
 .text.hw_claim_unused_from_range
                0x10000744       0x88 CMakeFiles/iot_security_lab.dir/home/pedro/.pico-sdk/sdk/2.1.1/src/common/hardware_claim/claim.c.o
                0x10000744                hw_claim_unused_from_range
 .text.hw_claim_clear
                0x100007cc       0x38 CMakeFiles/iot_security_lab.dir/home/pedro/.pico-sdk/sdk/2.1.1/src/common/hardware_claim/claim.c.o
                0x100007cc                hw_claim_clear
 .text.next_striped_spin_lock_num
                0x10000804       0x18 CMakeFiles/iot_security_lab.dir/home/pedro/.pico-sdk/sdk/2.1.1/src/rp2_common/hardware_sync/sync.c.o
                0x10000804                next_striped_spin_lock_num
 .text.spin_lock_claim_unused
                0x1000081c       0x24 CMakeFiles/iot_security_lab.dir/home/pedro/.pico-sdk/sdk/2.1.1/src/rp2_common/hardware_sync/sync.c.o
                0x1000081c                spin_lock_claim_unused
 .text.spin_locks_reset
                0x10000840       0x1c CMakeFiles/iot_security_lab.dir/home/pedro/.pico-sdk/sdk/2.1.1/src/rp2_common/hardware_sync_spin_lock/sync_spin_lock.c.o
                0x10000840                spin_locks_reset
 .text.runtime_init_per_core_irq_priorities
                0x1000085c       0x24 CMakeFiles/iot_security_lab.dir/home/pedro/.pico-sdk/sdk/2.1.1/src/rp2_common/hardware_irq/irq.c.o
                0x1000085c                runtime_init_per_core_irq_priorities
 .text.irq_set_enabled
                0x10000880       0x24 CMakeFiles/iot_security_lab.dir/home/pedro/.pico-sdk/sdk/2.1.1/src/rp2_common/hardware_irq/irq.c.o
                0x10000880                irq_set_enabled
 .text.irq_is_enabled
                0x100008a4       0x18 CMakeFiles/iot_security_lab.dir/home/pedro/.pico-sdk/sdk/2.1.1/src/rp2_common/hardware_irq/irq.c.o
                0x100008a4                irq_is_enabled
 .text.irq_set_pending
                0x100008bc       0x10 CMakeFiles/iot_security_lab.dir/home/pedro/.pico-sdk/sdk/2.1.1/src/rp2_common/hardware_irq/irq.c.o
                0x100008bc                irq_set_pending
 .text.irq_has_shared_handler
                0x100008cc       0x24 CMakeFiles/iot_security_lab.dir/home/pedro/.pico-sdk/sdk/2.1.1/src/rp2_common/hardware_irq/irq.c.o
                0x100008cc                irq_has_shared_handler
 .text.irq_set_exclusive_handler
                0x100008f0       0x54 CMakeFiles/iot_security_lab.dir/home/pedro/.pico-sdk/sdk/2.1.1/src/rp2_common/hardware_irq/irq.c.o
                0x100008f0                irq_set_exclusive_handler
 .text.irq_add_shared_handler
                0x10000944      0x1f4 CMakeFiles/iot_security_lab.dir/home/pedro/.pico-sdk/sdk/2.1.1/src/rp2_common/hardware_irq/irq.c.o
                0x10000944                irq_add_shared_handler
 .text.irq_remove_handler
                0x10000b38      0x1d4 CMakeFiles/iot_security_lab.dir/home/pedro/.pico-sdk/sdk/2.1.1/src/rp2_common/hardware_irq/irq.c.o
                0x10000b38                irq_remove_handler
 .text.irq_set_priority
                0x10000d0c       0x28 CMakeFiles/iot_security_lab.dir/home/pedro/.pico-sdk/sdk/2.1.1/src/rp2_common/hardware_irq/irq.c.o
                0x10000d0c                irq_set_priority
 .text.irq_add_tail_to_free_list
                0x10000d34       0xb4 CMakeFiles/iot_security_lab.dir/home/pedro/.pico-sdk/sdk/2.1.1/src/rp2_common/hardware_irq/irq.c.o
                0x10000d34                irq_add_tail_to_free_list
 .text.user_irq_unclaim
                0x10000de8       0x14 CMakeFiles/iot_security_lab.dir/home/pedro/.pico-sdk/sdk/2.1.1/src/rp2_common/hardware_irq/irq.c.o
                0x10000de8                user_irq_unclaim
 .text.user_irq_claim_unused
                0x10000dfc       0x2c CMakeFiles/iot_security_lab.dir/home/pedro/.pico-sdk/sdk/2.1.1/src/rp2_common/hardware_irq/irq.c.o
                0x10000dfc                user_irq_claim_unused
 .text.sem_init
                0x10000e28       0x20 CMakeFiles/iot_security_lab.dir/home/pedro/.pico-sdk/sdk/2.1.1/src/common/pico_sync/sem.c.o
                0x10000e28                sem_init
 .text.lock_init
                0x10000e48       0x10 CMakeFiles/iot_security_lab.dir/home/pedro/.pico-sdk/sdk/2.1.1/src/common/pico_sync/lock_core.c.o
                0x10000e48                lock_init
 .text.runtime_init_mutex
                0x10000e58       0x50 CMakeFiles/iot_security_lab.dir/home/pedro/.pico-sdk/sdk/2.1.1/src/common/pico_sync/mutex.c.o
                0x10000e58                runtime_init_mutex
 .text.mutex_init
                0x10000ea8       0x1c CMakeFiles/iot_security_lab.dir/home/pedro/.pico-sdk/sdk/2.1.1/src/common/pico_sync/mutex.c.o
                0x10000ea8                mutex_init
 .text.recursive_mutex_init
                0x10000ec4       0x1c CMakeFiles/iot_security_lab.dir/home/pedro/.pico-sdk/sdk/2.1.1/src/common/pico_sync/mutex.c.o
                0x10000ec4                recursive_mutex_init
 .text.critical_section_init
                0x10000ee0       0x1c CMakeFiles/iot_security_lab.dir/home/pedro/.pico-sdk/sdk/2.1.1/src/common/pico_sync/critical_section.c.o
                0x10000ee0                critical_section_init
 .text.critical_section_init_with_lock_num
                0x10000efc       0x14 CMakeFiles/iot_security_lab.dir/home/pedro/.pico-sdk/sdk/2.1.1/src/common/pico_sync/critical_section.c.o
                0x10000efc                critical_section_init_with_lock_num
 .text.sleep_until_callback
                0x10000f10       0x30 CMakeFiles/iot_security_lab.dir/home/pedro/.pico-sdk/sdk/2.1.1/src/common/pico_time/time.c.o
 .text.alarm_pool_irq_handler
                0x10000f40      0x300 CMakeFiles/iot_security_lab.dir/home/pedro/.pico-sdk/sdk/2.1.1/src/common/pico_time/time.c.o
 .text.runtime_init_default_alarm_pool
                0x10001240       0xdc CMakeFiles/iot_security_lab.dir/home/pedro/.pico-sdk/sdk/2.1.1/src/common/pico_time/time.c.o
                0x10001240                runtime_init_default_alarm_pool
 .text.alarm_pool_get_default
                0x1000131c        0x8 CMakeFiles/iot_security_lab.dir/home/pedro/.pico-sdk/sdk/2.1.1/src/common/pico_time/time.c.o
                0x1000131c                alarm_pool_get_default
 .text.alarm_pool_add_alarm_at
                0x10001324       0xd0 CMakeFiles/iot_security_lab.dir/home/pedro/.pico-sdk/sdk/2.1.1/src/common/pico_time/time.c.o
                0x10001324                alarm_pool_add_alarm_at
 .text.alarm_pool_add_alarm_at_force_in_context
                0x100013f4       0xb0 CMakeFiles/iot_security_lab.dir/home/pedro/.pico-sdk/sdk/2.1.1/src/common/pico_time/time.c.o
                0x100013f4                alarm_pool_add_alarm_at_force_in_context
 .text.alarm_pool_cancel_alarm
                0x100014a4       0x74 CMakeFiles/iot_security_lab.dir/home/pedro/.pico-sdk/sdk/2.1.1/src/common/pico_time/time.c.o
                0x100014a4                alarm_pool_cancel_alarm
 .text.alarm_pool_core_num
                0x10001518        0x4 CMakeFiles/iot_security_lab.dir/home/pedro/.pico-sdk/sdk/2.1.1/src/common/pico_time/time.c.o
                0x10001518                alarm_pool_core_num
 .text.sleep_until
                0x1000151c       0xd0 CMakeFiles/iot_security_lab.dir/home/pedro/.pico-sdk/sdk/2.1.1/src/common/pico_time/time.c.o
                0x1000151c                sleep_until
 .text.sleep_ms
                0x100015ec       0xfc CMakeFiles/iot_security_lab.dir/home/pedro/.pico-sdk/sdk/2.1.1/src/common/pico_time/time.c.o
                0x100015ec                sleep_ms
 .text.best_effort_wfe_or_timeout
                0x100016e8      0x10c CMakeFiles/iot_security_lab.dir/home/pedro/.pico-sdk/sdk/2.1.1/src/common/pico_time/time.c.o
                0x100016e8                best_effort_wfe_or_timeout
 .text.timer_hardware_alarm_claim
                0x100017f4       0x14 CMakeFiles/iot_security_lab.dir/home/pedro/.pico-sdk/sdk/2.1.1/src/rp2_common/hardware_timer/timer.c.o
                0x100017f4                timer_hardware_alarm_claim
 .text.timer_time_us_64
                0x10001808       0x10 CMakeFiles/iot_security_lab.dir/home/pedro/.pico-sdk/sdk/2.1.1/src/rp2_common/hardware_timer/timer.c.o
                0x10001808                timer_time_us_64
 .text.time_us_64
                0x10001818       0x14 CMakeFiles/iot_security_lab.dir/home/pedro/.pico-sdk/sdk/2.1.1/src/rp2_common/hardware_timer/timer.c.o
                0x10001818                time_us_64
 .text.busy_wait_until
                0x1000182c       0x20 CMakeFiles/iot_security_lab.dir/home/pedro/.pico-sdk/sdk/2.1.1/src/rp2_common/hardware_timer/timer.c.o
                0x1000182c                busy_wait_until
 .text.clock_configure_int_divider
                0x1000184c       0xf4 CMakeFiles/iot_security_lab.dir/home/pedro/.pico-sdk/sdk/2.1.1/src/rp2_common/hardware_clocks/clocks.c.o
                0x1000184c                clock_configure_int_divider
 .text.clock_configure_undivided
                0x10001940       0xe8 CMakeFiles/iot_security_lab.dir/home/pedro/.pico-sdk/sdk/2.1.1/src/rp2_common/hardware_clocks/clocks.c.o
                0x10001940                clock_configure_undivided
 .text.clock_get_hz
                0x10001a28        0xc CMakeFiles/iot_security_lab.dir/home/pedro/.pico-sdk/sdk/2.1.1/src/rp2_common/hardware_clocks/clocks.c.o
                0x10001a28                clock_get_hz
 .text.pll_init
                0x10001a34       0xa4 CMakeFiles/iot_security_lab.dir/home/pedro/.pico-sdk/sdk/2.1.1/src/rp2_common/hardware_pll/pll.c.o
                0x10001a34                pll_init
 .text.watchdog_reboot
                0x10001ad8       0x9c CMakeFiles/iot_security_lab.dir/home/pedro/.pico-sdk/sdk/2.1.1/src/rp2_common/hardware_watchdog/watchdog.c.o
                0x10001ad8                watchdog_reboot
 .text.tick_start
                0x10001b74       0x10 CMakeFiles/iot_security_lab.dir/home/pedro/.pico-sdk/sdk/2.1.1/src/rp2_common/hardware_ticks/ticks.c.o
                0x10001b74                tick_start
 .text.rom_func_lookup
                0x10001b84       0x10 CMakeFiles/iot_security_lab.dir/home/pedro/.pico-sdk/sdk/2.1.1/src/rp2_common/pico_bootrom/bootrom.c.o
                0x10001b84                rom_func_lookup
 .text.rom_data_lookup
                0x10001b94       0x10 CMakeFiles/iot_security_lab.dir/home/pedro/.pico-sdk/sdk/2.1.1/src/rp2_common/pico_bootrom/bootrom.c.o
                0x10001b94                rom_data_lookup
 .text.rom_funcs_lookup
                0x10001ba4       0x44 CMakeFiles/iot_security_lab.dir/home/pedro/.pico-sdk/sdk/2.1.1/src/rp2_common/pico_bootrom/bootrom.c.o
                0x10001ba4                rom_funcs_lookup
 .text.rom_reset_usb_boot_extra
                0x10001be8       0x24 CMakeFiles/iot_security_lab.dir/home/pedro/.pico-sdk/sdk/2.1.1/src/rp2_common/pico_bootrom/bootrom.c.o
                0x10001be8                rom_reset_usb_boot_extra
 .text.xosc_init
                0x10001c0c       0x28 CMakeFiles/iot_security_lab.dir/home/pedro/.pico-sdk/sdk/2.1.1/src/rp2_common/hardware_xosc/xosc.c.o
                0x10001c0c                xosc_init
 .text.first_per_core_initializer
                0x10001c34        0x4 CMakeFiles/iot_security_lab.dir/home/pedro/.pico-sdk/sdk/2.1.1/src/rp2_common/pico_runtime/runtime.c.o
 .text.hard_assertion_failure
                0x10001c38        0xc CMakeFiles/iot_security_lab.dir/home/pedro/.pico-sdk/sdk/2.1.1/src/rp2_common/pico_runtime/runtime.c.o
                0x10001c38                hard_assertion_failure
 .text.runtime_run_initializers
                0x10001c44       0x28 CMakeFiles/iot_security_lab.dir/home/pedro/.pico-sdk/sdk/2.1.1/src/rp2_common/pico_runtime/runtime.c.o
                0x10001c44                runtime_run_initializers
 .text.runtime_init_early_resets
                0x10001c6c       0x2c CMakeFiles/iot_security_lab.dir/home/pedro/.pico-sdk/sdk/2.1.1/src/rp2_common/pico_runtime_init/runtime_init.c.o
                0x10001c6c                runtime_init_early_resets
 .text.runtime_init_usb_power_down
                0x10001c98       0x1c CMakeFiles/iot_security_lab.dir/home/pedro/.pico-sdk/sdk/2.1.1/src/rp2_common/pico_runtime_init/runtime_init.c.o
                0x10001c98                runtime_init_usb_power_down
 .text.runtime_init_post_clock_resets
                0x10001cb4       0x20 CMakeFiles/iot_security_lab.dir/home/pedro/.pico-sdk/sdk/2.1.1/src/rp2_common/pico_runtime_init/runtime_init.c.o
                0x10001cb4                runtime_init_post_clock_resets
 .text.runtime_init_rp2040_gpio_ie_disable
                0x10001cd4       0x14 CMakeFiles/iot_security_lab.dir/home/pedro/.pico-sdk/sdk/2.1.1/src/rp2_common/pico_runtime_init/runtime_init.c.o
                0x10001cd4                runtime_init_rp2040_gpio_ie_disable
 .text.runtime_init_spin_locks_reset
                0x10001ce8        0x8 CMakeFiles/iot_security_lab.dir/home/pedro/.pico-sdk/sdk/2.1.1/src/rp2_common/pico_runtime_init/runtime_init.c.o
                0x10001ce8                runtime_init_spin_locks_reset
 .text.runtime_init_install_ram_vector_table
                0x10001cf0       0x1c CMakeFiles/iot_security_lab.dir/home/pedro/.pico-sdk/sdk/2.1.1/src/rp2_common/pico_runtime_init/runtime_init.c.o
                0x10001cf0                runtime_init_install_ram_vector_table
 .text.runtime_init_clocks
                0x10001d0c       0xd8 CMakeFiles/iot_security_lab.dir/home/pedro/.pico-sdk/sdk/2.1.1/src/rp2_common/pico_runtime_init/runtime_init_clocks.c.o
                0x10001d0c                runtime_init_clocks
 .text          0x10001de4       0x10 CMakeFiles/iot_security_lab.dir/home/pedro/.pico-sdk/sdk/2.1.1/src/rp2_common/pico_bit_ops/bit_ops_aeabi.S.o
 .text.ctzsi    0x10001df4        0xc CMakeFiles/iot_security_lab.dir/home/pedro/.pico-sdk/sdk/2.1.1/src/rp2_common/pico_bit_ops/bit_ops_aeabi.S.o
                0x10001df4                __wrap___ctzsi2
 .text.__wrap___aeabi_idiv
                0x10001e00       0x50 CMakeFiles/iot_security_lab.dir/home/pedro/.pico-sdk/sdk/2.1.1/src/rp2_common/pico_divider/divider_hardware.S.o
                0x10001e00                __wrap___aeabi_idivmod
                0x10001e00                divmod_s32s32
                0x10001e00                div_s32s32
                0x10001e00                __wrap___aeabi_idiv
                0x10001e08                divmod_s32s32_unsafe
                0x10001e34                divmod_s32s32_savestate
 .text.__wrap___aeabi_uidiv
                0x10001e50       0x4c CMakeFiles/iot_security_lab.dir/home/pedro/.pico-sdk/sdk/2.1.1/src/rp2_common/pico_divider/divider_hardware.S.o
                0x10001e50                __wrap___aeabi_uidiv
                0x10001e50                __wrap___aeabi_uidivmod
                0x10001e50                div_u32u32
                0x10001e50                divmod_u32u32
                0x10001e58                divmod_u32u32_unsafe
                0x10001e80                divmod_u32u32_savestate
 .text.__wrap___aeabi_ldiv
                0x10001e9c      0x424 CMakeFiles/iot_security_lab.dir/home/pedro/.pico-sdk/sdk/2.1.1/src/rp2_common/pico_divider/divider_hardware.S.o
                0x10001e9c                div_s64s64
                0x10001e9c                divmod_s64s64
                0x10001e9c                __wrap___aeabi_ldivmod
                0x10001ecc                div_u64u64
                0x10001ecc                divmod_u64u64
                0x10001ecc                __wrap___aeabi_uldivmod
                0x10001edc                divmod_u64u64_savestate
                0x10001efc                divmod_s64s64_unsafe
                0x10001f84                divmod_u64u64_unsafe
 .text.__wrap___aeabi_darithmetic
                0x100022c0       0x60 CMakeFiles/iot_security_lab.dir/home/pedro/.pico-sdk/sdk/2.1.1/src/rp2_common/pico_double/double_aeabi_rp2040.S.o
                0x100022c0                __wrap___aeabi_drsub
                0x100022c6                __wrap___aeabi_dsub
                0x100022d0                __wrap___aeabi_dadd
                0x100022da                __wrap___aeabi_ddiv
                0x1000230e                __wrap___aeabi_dmul
 .text.__wrap___aeabi_cdcmple
                0x10002320       0x6c CMakeFiles/iot_security_lab.dir/home/pedro/.pico-sdk/sdk/2.1.1/src/rp2_common/pico_double/double_aeabi_rp2040.S.o
                0x10002320                __wrap___aeabi_cdrcmple
                0x10002330                __wrap___aeabi_cdcmple
                0x10002330                __wrap___aeabi_cdcmpeq
 .text.__wrap___aeabi_dcmplt
                0x1000238c        0xc CMakeFiles/iot_security_lab.dir/home/pedro/.pico-sdk/sdk/2.1.1/src/rp2_common/pico_double/double_aeabi_rp2040.S.o
                0x1000238c                __wrap___aeabi_dcmplt
 .text.__wrap___aeabi_dcmple
                0x10002398       0x10 CMakeFiles/iot_security_lab.dir/home/pedro/.pico-sdk/sdk/2.1.1/src/rp2_common/pico_double/double_aeabi_rp2040.S.o
                0x10002398                __wrap___aeabi_dcmple
 .text.__wrap___aeabi_dcmpge
                0x100023a8       0x10 CMakeFiles/iot_security_lab.dir/home/pedro/.pico-sdk/sdk/2.1.1/src/rp2_common/pico_double/double_aeabi_rp2040.S.o
                0x100023a8                __wrap___aeabi_dcmpge
 .text.__wrap___aeabi_dcmpgt
                0x100023b8        0xa CMakeFiles/iot_security_lab.dir/home/pedro/.pico-sdk/sdk/2.1.1/src/rp2_common/pico_double/double_aeabi_rp2040.S.o
                0x100023b8                __wrap___aeabi_dcmpgt
 .text.__wrap___aeabi_dcmpun
                0x100023c2       0x18 CMakeFiles/iot_security_lab.dir/home/pedro/.pico-sdk/sdk/2.1.1/src/rp2_common/pico_double/double_aeabi_rp2040.S.o
                0x100023c2                __wrap___aeabi_dcmpun
 *fill*         0x100023da        0x2 
 .text.__wrap___aeabi_i2d
                0x100023dc       0x38 CMakeFiles/iot_security_lab.dir/home/pedro/.pico-sdk/sdk/2.1.1/src/rp2_common/pico_double/double_aeabi_rp2040.S.o
                0x100023dc                __wrap___aeabi_ui2d
                0x100023dc                uint2double
                0x100023e4                __wrap___aeabi_i2d
                0x100023e4                int2double
 .text.__wrap___aeabi_d2iz
                0x10002414       0x48 CMakeFiles/iot_security_lab.dir/home/pedro/.pico-sdk/sdk/2.1.1/src/rp2_common/pico_double/double_aeabi_rp2040.S.o
                0x10002414                __wrap___aeabi_d2iz
                0x10002414                double2int_z
 .text.__wrap___aeabi_d2uiz
                0x1000245c       0x10 CMakeFiles/iot_security_lab.dir/home/pedro/.pico-sdk/sdk/2.1.1/src/rp2_common/pico_double/double_aeabi_rp2040.S.o
                0x1000245c                double2uint_z
                0x1000245c                double2uint
                0x1000245c                __wrap___aeabi_d2uiz
 .text.missing_double_func_shim
                0x1000246c        0xc CMakeFiles/iot_security_lab.dir/home/pedro/.pico-sdk/sdk/2.1.1/src/rp2_common/pico_double/double_init_rom_rp2040.c.o
 .text.__aeabi_double_init
                0x10002478       0xa0 CMakeFiles/iot_security_lab.dir/home/pedro/.pico-sdk/sdk/2.1.1/src/rp2_common/pico_double/double_init_rom_rp2040.c.o
                0x10002478                __aeabi_double_init
 .text.double_table_shim_on_use_helper
                0x10002518       0x2c CMakeFiles/iot_security_lab.dir/home/pedro/.pico-sdk/sdk/2.1.1/src/rp2_common/pico_double/double_v1_rom_shim_rp2040.S.o
                0x10002518                double_table_shim_on_use_helper
 .text.__aeabi_lmul
                0x10002544       0x32 CMakeFiles/iot_security_lab.dir/home/pedro/.pico-sdk/sdk/2.1.1/src/rp2_common/pico_int64_ops/pico_int64_ops_aeabi.S.o
                0x10002544                __wrap___aeabi_lmul
 *fill*         0x10002576        0x2 
 .text.missing_float_func_shim
                0x10002578        0xc CMakeFiles/iot_security_lab.dir/home/pedro/.pico-sdk/sdk/2.1.1/src/rp2_common/pico_float/float_init_rom_rp2040.c.o
 .text.__aeabi_float_init
                0x10002584       0x5c CMakeFiles/iot_security_lab.dir/home/pedro/.pico-sdk/sdk/2.1.1/src/rp2_common/pico_float/float_init_rom_rp2040.c.o
                0x10002584                __aeabi_float_init
 .text          0x100025e0       0x10 CMakeFiles/iot_security_lab.dir/home/pedro/.pico-sdk/sdk/2.1.1/src/rp2_common/pico_mem_ops/mem_ops_aeabi.S.o
                0x100025e0                __aeabi_mem_init
 .text.memset   0x100025f0        0xc CMakeFiles/iot_security_lab.dir/home/pedro/.pico-sdk/sdk/2.1.1/src/rp2_common/pico_mem_ops/mem_ops_aeabi.S.o
                0x100025f0                __wrap_memset
 .text.memcpy   0x100025fc        0xc CMakeFiles/iot_security_lab.dir/home/pedro/.pico-sdk/sdk/2.1.1/src/rp2_common/pico_mem_ops/mem_ops_aeabi.S.o
                0x100025fc                __wrap___aeabi_memcpy
                0x100025fc                __wrap_memcpy
 .text._out_buffer
                0x10002608        0x8 CMakeFiles/iot_security_lab.dir/home/pedro/.pico-sdk/sdk/2.1.1/src/rp2_common/pico_printf/printf.c.o
 .text._out_null
                0x10002610        0x4 CMakeFiles/iot_security_lab.dir/home/pedro/.pico-sdk/sdk/2.1.1/src/rp2_common/pico_printf/printf.c.o
 .text._out_rev
                0x10002614       0xac CMakeFiles/iot_security_lab.dir/home/pedro/.pico-sdk/sdk/2.1.1/src/rp2_common/pico_printf/printf.c.o
 .text._ntoa_format
                0x100026c0      0x1cc CMakeFiles/iot_security_lab.dir/home/pedro/.pico-sdk/sdk/2.1.1/src/rp2_common/pico_printf/printf.c.o
 .text._out_char
                0x1000288c       0x10 CMakeFiles/iot_security_lab.dir/home/pedro/.pico-sdk/sdk/2.1.1/src/rp2_common/pico_printf/printf.c.o
 .text._out_fct
                0x1000289c       0x10 CMakeFiles/iot_security_lab.dir/home/pedro/.pico-sdk/sdk/2.1.1/src/rp2_common/pico_printf/printf.c.o
 .text._ftoa    0x100028ac      0x4a8 CMakeFiles/iot_security_lab.dir/home/pedro/.pico-sdk/sdk/2.1.1/src/rp2_common/pico_printf/printf.c.o
 .text._etoa    0x10002d54      0x57c CMakeFiles/iot_security_lab.dir/home/pedro/.pico-sdk/sdk/2.1.1/src/rp2_common/pico_printf/printf.c.o
 .text._vsnprintf
                0x100032d0      0xbe0 CMakeFiles/iot_security_lab.dir/home/pedro/.pico-sdk/sdk/2.1.1/src/rp2_common/pico_printf/printf.c.o
 .text.__wrap_sprintf
                0x10003eb0       0x2c CMakeFiles/iot_security_lab.dir/home/pedro/.pico-sdk/sdk/2.1.1/src/rp2_common/pico_printf/printf.c.o
                0x10003eb0                __wrap_sprintf
 .text.vfctprintf
                0x10003edc       0x24 CMakeFiles/iot_security_lab.dir/home/pedro/.pico-sdk/sdk/2.1.1/src/rp2_common/pico_printf/printf.c.o
                0x10003edc                vfctprintf
 .text.weak_raw_vprintf
                0x10003f00       0x30 CMakeFiles/iot_security_lab.dir/home/pedro/.pico-sdk/sdk/2.1.1/src/rp2_common/pico_printf/printf.c.o
                0x10003f00                weak_raw_vprintf
 .text._exit    0x10003f30        0x4 CMakeFiles/iot_security_lab.dir/home/pedro/.pico-sdk/sdk/2.1.1/src/rp2_common/pico_clib_interface/newlib_interface.c.o
                0x10003f30                _exit
 .text._gettimeofday
                0x10003f34       0x30 CMakeFiles/iot_security_lab.dir/home/pedro/.pico-sdk/sdk/2.1.1/src/rp2_common/pico_clib_interface/newlib_interface.c.o
                0x10003f34                _gettimeofday
 .text.exit     0x10003f64        0x8 CMakeFiles/iot_security_lab.dir/home/pedro/.pico-sdk/sdk/2.1.1/src/rp2_common/pico_clib_interface/newlib_interface.c.o
                0x10003f64                exit
 .text.runtime_init
                0x10003f6c       0x2c CMakeFiles/iot_security_lab.dir/home/pedro/.pico-sdk/sdk/2.1.1/src/rp2_common/pico_clib_interface/newlib_interface.c.o
                0x10003f6c                runtime_init
 .text.stdio_out_chars_no_crlf
                0x10003f98       0x10 CMakeFiles/iot_security_lab.dir/home/pedro/.pico-sdk/sdk/2.1.1/src/rp2_common/pico_stdio/stdio.c.o
 .text.stdio_out_chars_crlf
                0x10003fa8       0xb0 CMakeFiles/iot_security_lab.dir/home/pedro/.pico-sdk/sdk/2.1.1/src/rp2_common/pico_stdio/stdio.c.o
 .text.stdio_buffered_printer
                0x10004058       0x64 CMakeFiles/iot_security_lab.dir/home/pedro/.pico-sdk/sdk/2.1.1/src/rp2_common/pico_stdio/stdio.c.o
 .text.stdio_put_string
                0x100040bc       0xfc CMakeFiles/iot_security_lab.dir/home/pedro/.pico-sdk/sdk/2.1.1/src/rp2_common/pico_stdio/stdio.c.o
                0x100040bc                stdio_put_string
 .text.stdio_set_driver_enabled
                0x100041b8       0x30 CMakeFiles/iot_security_lab.dir/home/pedro/.pico-sdk/sdk/2.1.1/src/rp2_common/pico_stdio/stdio.c.o
                0x100041b8                stdio_set_driver_enabled
 .text.stdio_init_all
                0x100041e8        0x8 CMakeFiles/iot_security_lab.dir/home/pedro/.pico-sdk/sdk/2.1.1/src/rp2_common/pico_stdio/stdio.c.o
                0x100041e8                stdio_init_all
 .text.__wrap_putchar
                0x100041f0       0x94 CMakeFiles/iot_security_lab.dir/home/pedro/.pico-sdk/sdk/2.1.1/src/rp2_common/pico_stdio/stdio.c.o
                0x100041f0                stdio_putchar
                0x100041f0                __wrap_putchar
 .text.__wrap_puts
                0x10004284       0x3c CMakeFiles/iot_security_lab.dir/home/pedro/.pico-sdk/sdk/2.1.1/src/rp2_common/pico_stdio/stdio.c.o
                0x10004284                __wrap_puts
                0x10004284                stdio_puts
 .text.__wrap_vprintf
                0x100042c0       0xcc CMakeFiles/iot_security_lab.dir/home/pedro/.pico-sdk/sdk/2.1.1/src/rp2_common/pico_stdio/stdio.c.o
                0x100042c0                __wrap_vprintf
                0x100042c0                stdio_vprintf
 .text.__wrap_printf
                0x1000438c       0x18 CMakeFiles/iot_security_lab.dir/home/pedro/.pico-sdk/sdk/2.1.1/src/rp2_common/pico_stdio/stdio.c.o
                0x1000438c                stdio_printf
                0x1000438c                __wrap_printf
 .text.resetd_init
                0x100043a4        0x4 CMakeFiles/iot_security_lab.dir/home/pedro/.pico-sdk/sdk/2.1.1/src/rp2_common/pico_stdio_usb/reset_interface.c.o
 .text.resetd_reset
                0x100043a8        0xc CMakeFiles/iot_security_lab.dir/home/pedro/.pico-sdk/sdk/2.1.1/src/rp2_common/pico_stdio_usb/reset_interface.c.o
 .text.resetd_open
                0x100043b4       0x28 CMakeFiles/iot_security_lab.dir/home/pedro/.pico-sdk/sdk/2.1.1/src/rp2_common/pico_stdio_usb/reset_interface.c.o
 .text.resetd_xfer_cb
                0x100043dc        0x4 CMakeFiles/iot_security_lab.dir/home/pedro/.pico-sdk/sdk/2.1.1/src/rp2_common/pico_stdio_usb/reset_interface.c.o
 .text.resetd_control_xfer_cb
                0x100043e0       0x54 CMakeFiles/iot_security_lab.dir/home/pedro/.pico-sdk/sdk/2.1.1/src/rp2_common/pico_stdio_usb/reset_interface.c.o
 .text.tud_descriptor_bos_cb
                0x10004434        0x8 CMakeFiles/iot_security_lab.dir/home/pedro/.pico-sdk/sdk/2.1.1/src/rp2_common/pico_stdio_usb/reset_interface.c.o
                0x10004434                tud_descriptor_bos_cb
 .text.tud_vendor_control_xfer_cb
                0x1000443c       0x34 CMakeFiles/iot_security_lab.dir/home/pedro/.pico-sdk/sdk/2.1.1/src/rp2_common/pico_stdio_usb/reset_interface.c.o
                0x1000443c                tud_vendor_control_xfer_cb
 .text.usbd_app_driver_get_cb
                0x10004470        0xc CMakeFiles/iot_security_lab.dir/home/pedro/.pico-sdk/sdk/2.1.1/src/rp2_common/pico_stdio_usb/reset_interface.c.o
                0x10004470                usbd_app_driver_get_cb
 .text.tud_cdc_line_coding_cb
                0x1000447c       0x2c CMakeFiles/iot_security_lab.dir/home/pedro/.pico-sdk/sdk/2.1.1/src/rp2_common/pico_stdio_usb/reset_interface.c.o
                0x1000447c                tud_cdc_line_coding_cb
 .text.stdio_usb_set_chars_available_callback
                0x100044a8       0x14 CMakeFiles/iot_security_lab.dir/home/pedro/.pico-sdk/sdk/2.1.1/src/rp2_common/pico_stdio_usb/stdio_usb.c.o
                0x100044a8                stdio_usb_set_chars_available_callback
 .text.usb_irq  0x100044bc       0x10 CMakeFiles/iot_security_lab.dir/home/pedro/.pico-sdk/sdk/2.1.1/src/rp2_common/pico_stdio_usb/stdio_usb.c.o
 .text.timer_task
                0x100044cc       0x64 CMakeFiles/iot_security_lab.dir/home/pedro/.pico-sdk/sdk/2.1.1/src/rp2_common/pico_stdio_usb/stdio_usb.c.o
 .text.stdio_usb_in_chars
                0x10004530       0x8c CMakeFiles/iot_security_lab.dir/home/pedro/.pico-sdk/sdk/2.1.1/src/rp2_common/pico_stdio_usb/stdio_usb.c.o
                0x10004530                stdio_usb_in_chars
 .text.stdio_usb_out_flush
                0x100045bc       0x4c CMakeFiles/iot_security_lab.dir/home/pedro/.pico-sdk/sdk/2.1.1/src/rp2_common/pico_stdio_usb/stdio_usb.c.o
 .text.stdio_usb_out_chars
                0x10004608      0x100 CMakeFiles/iot_security_lab.dir/home/pedro/.pico-sdk/sdk/2.1.1/src/rp2_common/pico_stdio_usb/stdio_usb.c.o
 .text.low_priority_worker_irq
                0x10004708       0xc8 CMakeFiles/iot_security_lab.dir/home/pedro/.pico-sdk/sdk/2.1.1/src/rp2_common/pico_stdio_usb/stdio_usb.c.o
 .text.stdio_usb_init
                0x100047d0       0xe8 CMakeFiles/iot_security_lab.dir/home/pedro/.pico-sdk/sdk/2.1.1/src/rp2_common/pico_stdio_usb/stdio_usb.c.o
                0x100047d0                stdio_usb_init
 .text.tud_descriptor_device_cb
                0x100048b8        0x8 CMakeFiles/iot_security_lab.dir/home/pedro/.pico-sdk/sdk/2.1.1/src/rp2_common/pico_stdio_usb/stdio_usb_descriptors.c.o
                0x100048b8                tud_descriptor_device_cb
 .text.tud_descriptor_configuration_cb
                0x100048c0        0x8 CMakeFiles/iot_security_lab.dir/home/pedro/.pico-sdk/sdk/2.1.1/src/rp2_common/pico_stdio_usb/stdio_usb_descriptors.c.o
                0x100048c0                tud_descriptor_configuration_cb
 .text.tud_descriptor_string_cb
                0x100048c8       0x78 CMakeFiles/iot_security_lab.dir/home/pedro/.pico-sdk/sdk/2.1.1/src/rp2_common/pico_stdio_usb/stdio_usb_descriptors.c.o
                0x100048c8                tud_descriptor_string_cb
 .text.startup._retrieve_unique_id_on_boot
                0x10004940       0x10 CMakeFiles/iot_security_lab.dir/home/pedro/.pico-sdk/sdk/2.1.1/src/rp2_common/pico_unique_id/unique_id.c.o
 .text.pico_get_unique_board_id
                0x10004950       0x10 CMakeFiles/iot_security_lab.dir/home/pedro/.pico-sdk/sdk/2.1.1/src/rp2_common/pico_unique_id/unique_id.c.o
                0x10004950                pico_get_unique_board_id
 .text.pico_get_unique_board_id_string
                0x10004960      0x1a8 CMakeFiles/iot_security_lab.dir/home/pedro/.pico-sdk/sdk/2.1.1/src/rp2_common/pico_unique_id/unique_id.c.o
                0x10004960                pico_get_unique_board_id_string
 .text.flash_get_unique_id
                0x10004b08       0x3c CMakeFiles/iot_security_lab.dir/home/pedro/.pico-sdk/sdk/2.1.1/src/rp2_common/hardware_flash/flash.c.o
                0x10004b08                flash_get_unique_id
 .text.dcd_init
                0x10004b44       0x90 CMakeFiles/iot_security_lab.dir/home/pedro/.pico-sdk/sdk/2.1.1/lib/tinyusb/src/portable/raspberrypi/rp2040/dcd_rp2040.c.o
                0x10004b44                dcd_init
 .text.dcd_int_enable
                0x10004bd4        0xc CMakeFiles/iot_security_lab.dir/home/pedro/.pico-sdk/sdk/2.1.1/lib/tinyusb/src/portable/raspberrypi/rp2040/dcd_rp2040.c.o
                0x10004bd4                dcd_int_enable
 .text.dcd_set_address
                0x10004be0       0x14 CMakeFiles/iot_security_lab.dir/home/pedro/.pico-sdk/sdk/2.1.1/lib/tinyusb/src/portable/raspberrypi/rp2040/dcd_rp2040.c.o
                0x10004be0                dcd_set_address
 .text.dcd_sof_enable
                0x10004bf4       0x1c CMakeFiles/iot_security_lab.dir/home/pedro/.pico-sdk/sdk/2.1.1/lib/tinyusb/src/portable/raspberrypi/rp2040/dcd_rp2040.c.o
                0x10004bf4                dcd_sof_enable
 .text.dcd_edpt0_status_complete
                0x10004c10       0x1c CMakeFiles/iot_security_lab.dir/home/pedro/.pico-sdk/sdk/2.1.1/lib/tinyusb/src/portable/raspberrypi/rp2040/dcd_rp2040.c.o
                0x10004c10                dcd_edpt0_status_complete
 .text.dcd_edpt_open
                0x10004c2c      0x114 CMakeFiles/iot_security_lab.dir/home/pedro/.pico-sdk/sdk/2.1.1/lib/tinyusb/src/portable/raspberrypi/rp2040/dcd_rp2040.c.o
                0x10004c2c                dcd_edpt_open
 .text.dcd_edpt_close_all
                0x10004d40        0x8 CMakeFiles/iot_security_lab.dir/home/pedro/.pico-sdk/sdk/2.1.1/lib/tinyusb/src/portable/raspberrypi/rp2040/dcd_rp2040.c.o
                0x10004d40                dcd_edpt_close_all
 .text.dcd_edpt_xfer
                0x10004d48       0x24 CMakeFiles/iot_security_lab.dir/home/pedro/.pico-sdk/sdk/2.1.1/lib/tinyusb/src/portable/raspberrypi/rp2040/dcd_rp2040.c.o
                0x10004d48                dcd_edpt_xfer
 .text.dcd_edpt_stall
                0x10004d6c       0x3c CMakeFiles/iot_security_lab.dir/home/pedro/.pico-sdk/sdk/2.1.1/lib/tinyusb/src/portable/raspberrypi/rp2040/dcd_rp2040.c.o
                0x10004d6c                dcd_edpt_stall
 .text.dcd_edpt_clear_stall
                0x10004da8       0x30 CMakeFiles/iot_security_lab.dir/home/pedro/.pico-sdk/sdk/2.1.1/lib/tinyusb/src/portable/raspberrypi/rp2040/dcd_rp2040.c.o
                0x10004da8                dcd_edpt_clear_stall
 .text.rp2040_usb_init
                0x10004dd8       0x40 CMakeFiles/iot_security_lab.dir/home/pedro/.pico-sdk/sdk/2.1.1/lib/tinyusb/src/portable/raspberrypi/rp2040/rp2040_usb.c.o
                0x10004dd8                rp2040_usb_init
 .text.hw_endpoint_xfer_start
                0x10004e18       0x40 CMakeFiles/iot_security_lab.dir/home/pedro/.pico-sdk/sdk/2.1.1/lib/tinyusb/src/portable/raspberrypi/rp2040/rp2040_usb.c.o
                0x10004e18                hw_endpoint_xfer_start
 .text.tud_event_hook_cb
                0x10004e58        0x4 CMakeFiles/iot_security_lab.dir/home/pedro/.pico-sdk/sdk/2.1.1/lib/tinyusb/src/device/usbd.c.o
                0x10004e58                tud_event_hook_cb
 .text.tud_sof_cb
                0x10004e5c        0x4 CMakeFiles/iot_security_lab.dir/home/pedro/.pico-sdk/sdk/2.1.1/lib/tinyusb/src/device/usbd.c.o
                0x10004e5c                tud_sof_cb
 .text.tud_descriptor_device_qualifier_cb
                0x10004e60        0x4 CMakeFiles/iot_security_lab.dir/home/pedro/.pico-sdk/sdk/2.1.1/lib/tinyusb/src/device/usbd.c.o
                0x10004e60                tud_descriptor_device_qualifier_cb
 .text.tud_descriptor_other_speed_configuration_cb
                0x10004e64        0x4 CMakeFiles/iot_security_lab.dir/home/pedro/.pico-sdk/sdk/2.1.1/lib/tinyusb/src/device/usbd.c.o
                0x10004e64                tud_descriptor_other_speed_configuration_cb
 .text.tud_mount_cb
                0x10004e68        0x4 CMakeFiles/iot_security_lab.dir/home/pedro/.pico-sdk/sdk/2.1.1/lib/tinyusb/src/device/usbd.c.o
                0x10004e68                tud_mount_cb
 .text.tud_umount_cb
                0x10004e6c        0x4 CMakeFiles/iot_security_lab.dir/home/pedro/.pico-sdk/sdk/2.1.1/lib/tinyusb/src/device/usbd.c.o
                0x10004e6c                tud_umount_cb
 .text.tud_suspend_cb
                0x10004e70        0x4 CMakeFiles/iot_security_lab.dir/home/pedro/.pico-sdk/sdk/2.1.1/lib/tinyusb/src/device/usbd.c.o
                0x10004e70                tud_suspend_cb
 .text.tud_resume_cb
                0x10004e74        0x4 CMakeFiles/iot_security_lab.dir/home/pedro/.pico-sdk/sdk/2.1.1/lib/tinyusb/src/device/usbd.c.o
                0x10004e74                tud_resume_cb
 .text.tud_mounted
                0x10004e78       0x10 CMakeFiles/iot_security_lab.dir/home/pedro/.pico-sdk/sdk/2.1.1/lib/tinyusb/src/device/usbd.c.o
                0x10004e78                tud_mounted
 .text.tud_suspended
                0x10004e88       0x10 CMakeFiles/iot_security_lab.dir/home/pedro/.pico-sdk/sdk/2.1.1/lib/tinyusb/src/device/usbd.c.o
                0x10004e88                tud_suspended
 .text.tud_rhport_init
                0x10004e98       0xf4 CMakeFiles/iot_security_lab.dir/home/pedro/.pico-sdk/sdk/2.1.1/lib/tinyusb/src/device/usbd.c.o
                0x10004e98                tud_rhport_init
 .text.tud_task_ext
                0x10004f8c      0x800 CMakeFiles/iot_security_lab.dir/home/pedro/.pico-sdk/sdk/2.1.1/lib/tinyusb/src/device/usbd.c.o
                0x10004f8c                tud_task_ext
 .text.usbd_open_edpt_pair
                0x1000578c       0x9c CMakeFiles/iot_security_lab.dir/home/pedro/.pico-sdk/sdk/2.1.1/lib/tinyusb/src/device/usbd.c.o
                0x1000578c                usbd_open_edpt_pair
 .text.usbd_edpt_open
                0x10005828       0x34 CMakeFiles/iot_security_lab.dir/home/pedro/.pico-sdk/sdk/2.1.1/lib/tinyusb/src/device/usbd.c.o
                0x10005828                usbd_edpt_open
 .text.usbd_edpt_claim
                0x1000585c       0x28 CMakeFiles/iot_security_lab.dir/home/pedro/.pico-sdk/sdk/2.1.1/lib/tinyusb/src/device/usbd.c.o
                0x1000585c                usbd_edpt_claim
 .text.usbd_edpt_release
                0x10005884       0x28 CMakeFiles/iot_security_lab.dir/home/pedro/.pico-sdk/sdk/2.1.1/lib/tinyusb/src/device/usbd.c.o
                0x10005884                usbd_edpt_release
 .text.usbd_edpt_xfer
                0x100058ac       0x4c CMakeFiles/iot_security_lab.dir/home/pedro/.pico-sdk/sdk/2.1.1/lib/tinyusb/src/device/usbd.c.o
                0x100058ac                usbd_edpt_xfer
 .text.tud_control_status
                0x100058f8       0x2c CMakeFiles/iot_security_lab.dir/home/pedro/.pico-sdk/sdk/2.1.1/lib/tinyusb/src/device/usbd_control.c.o
                0x100058f8                tud_control_status
 .text.tud_control_xfer
                0x10005924       0xa8 CMakeFiles/iot_security_lab.dir/home/pedro/.pico-sdk/sdk/2.1.1/lib/tinyusb/src/device/usbd_control.c.o
                0x10005924                tud_control_xfer
 .text.usbd_control_reset
                0x100059cc       0x14 CMakeFiles/iot_security_lab.dir/home/pedro/.pico-sdk/sdk/2.1.1/lib/tinyusb/src/device/usbd_control.c.o
                0x100059cc                usbd_control_reset
 .text.usbd_control_set_complete_callback
                0x100059e0        0xc CMakeFiles/iot_security_lab.dir/home/pedro/.pico-sdk/sdk/2.1.1/lib/tinyusb/src/device/usbd_control.c.o
                0x100059e0                usbd_control_set_complete_callback
 .text.usbd_control_set_request
                0x100059ec       0x1c CMakeFiles/iot_security_lab.dir/home/pedro/.pico-sdk/sdk/2.1.1/lib/tinyusb/src/device/usbd_control.c.o
                0x100059ec                usbd_control_set_request
 .text.usbd_control_xfer_cb
                0x10005a08       0xec CMakeFiles/iot_security_lab.dir/home/pedro/.pico-sdk/sdk/2.1.1/lib/tinyusb/src/device/usbd_control.c.o
                0x10005a08                usbd_control_xfer_cb
 .text._prep_out_transaction.isra.0
                0x10005af4       0x6c CMakeFiles/iot_security_lab.dir/home/pedro/.pico-sdk/sdk/2.1.1/lib/tinyusb/src/class/cdc/cdc_device.c.o
 .text.tud_cdc_n_connected
                0x10005b60       0x2c CMakeFiles/iot_security_lab.dir/home/pedro/.pico-sdk/sdk/2.1.1/lib/tinyusb/src/class/cdc/cdc_device.c.o
                0x10005b60                tud_cdc_n_connected
 .text.tud_cdc_n_available
                0x10005b8c       0x14 CMakeFiles/iot_security_lab.dir/home/pedro/.pico-sdk/sdk/2.1.1/lib/tinyusb/src/class/cdc/cdc_device.c.o
                0x10005b8c                tud_cdc_n_available
 .text.tud_cdc_n_read
                0x10005ba0       0x88 CMakeFiles/iot_security_lab.dir/home/pedro/.pico-sdk/sdk/2.1.1/lib/tinyusb/src/class/cdc/cdc_device.c.o
                0x10005ba0                tud_cdc_n_read
 .text.tud_cdc_n_write_flush
                0x10005c28       0x74 CMakeFiles/iot_security_lab.dir/home/pedro/.pico-sdk/sdk/2.1.1/lib/tinyusb/src/class/cdc/cdc_device.c.o
                0x10005c28                tud_cdc_n_write_flush
 .text.tud_cdc_n_write
                0x10005c9c       0x40 CMakeFiles/iot_security_lab.dir/home/pedro/.pico-sdk/sdk/2.1.1/lib/tinyusb/src/class/cdc/cdc_device.c.o
                0x10005c9c                tud_cdc_n_write
 .text.tud_cdc_n_write_available
                0x10005cdc       0x14 CMakeFiles/iot_security_lab.dir/home/pedro/.pico-sdk/sdk/2.1.1/lib/tinyusb/src/class/cdc/cdc_device.c.o
                0x10005cdc                tud_cdc_n_write_available
 .text.cdcd_init
                0x10005cf0       0x70 CMakeFiles/iot_security_lab.dir/home/pedro/.pico-sdk/sdk/2.1.1/lib/tinyusb/src/class/cdc/cdc_device.c.o
                0x10005cf0                cdcd_init
 .text.cdcd_deinit
                0x10005d60       0x30 CMakeFiles/iot_security_lab.dir/home/pedro/.pico-sdk/sdk/2.1.1/lib/tinyusb/src/class/cdc/cdc_device.c.o
                0x10005d60                cdcd_deinit
 .text.cdcd_reset
                0x10005d90       0x4c CMakeFiles/iot_security_lab.dir/home/pedro/.pico-sdk/sdk/2.1.1/lib/tinyusb/src/class/cdc/cdc_device.c.o
                0x10005d90                cdcd_reset
 .text.cdcd_open
                0x10005ddc       0xa4 CMakeFiles/iot_security_lab.dir/home/pedro/.pico-sdk/sdk/2.1.1/lib/tinyusb/src/class/cdc/cdc_device.c.o
                0x10005ddc                cdcd_open
 .text.cdcd_control_xfer_cb
                0x10005e80       0xe8 CMakeFiles/iot_security_lab.dir/home/pedro/.pico-sdk/sdk/2.1.1/lib/tinyusb/src/class/cdc/cdc_device.c.o
                0x10005e80                cdcd_control_xfer_cb
 .text.cdcd_xfer_cb
                0x10005f68      0x100 CMakeFiles/iot_security_lab.dir/home/pedro/.pico-sdk/sdk/2.1.1/lib/tinyusb/src/class/cdc/cdc_device.c.o
                0x10005f68                cdcd_xfer_cb
 .text.vendord_init
                0x10006068       0x5c CMakeFiles/iot_security_lab.dir/home/pedro/.pico-sdk/sdk/2.1.1/lib/tinyusb/src/class/vendor/vendor_device.c.o
                0x10006068                vendord_init
 .text.vendord_deinit
                0x100060c4       0x1c CMakeFiles/iot_security_lab.dir/home/pedro/.pico-sdk/sdk/2.1.1/lib/tinyusb/src/class/vendor/vendor_device.c.o
                0x100060c4                vendord_deinit
 .text.vendord_reset
                0x100060e0       0x28 CMakeFiles/iot_security_lab.dir/home/pedro/.pico-sdk/sdk/2.1.1/lib/tinyusb/src/class/vendor/vendor_device.c.o
                0x100060e0                vendord_reset
 .text.vendord_open
                0x10006108      0x120 CMakeFiles/iot_security_lab.dir/home/pedro/.pico-sdk/sdk/2.1.1/lib/tinyusb/src/class/vendor/vendor_device.c.o
                0x10006108                vendord_open
 .text.vendord_xfer_cb
                0x10006228       0x9c CMakeFiles/iot_security_lab.dir/home/pedro/.pico-sdk/sdk/2.1.1/lib/tinyusb/src/class/vendor/vendor_device.c.o
                0x10006228                vendord_xfer_cb
 .text.tusb_rhport_init
                0x100062c4       0x4c CMakeFiles/iot_security_lab.dir/home/pedro/.pico-sdk/sdk/2.1.1/lib/tinyusb/src/tusb.c.o
                0x100062c4                tusb_rhport_init
 .text.tu_edpt_claim
                0x10006310       0x50 CMakeFiles/iot_security_lab.dir/home/pedro/.pico-sdk/sdk/2.1.1/lib/tinyusb/src/tusb.c.o
                0x10006310                tu_edpt_claim
 .text.tu_edpt_release
                0x10006360       0x38 CMakeFiles/iot_security_lab.dir/home/pedro/.pico-sdk/sdk/2.1.1/lib/tinyusb/src/tusb.c.o
                0x10006360                tu_edpt_release
 .text.tu_edpt_validate
                0x10006398       0x7c CMakeFiles/iot_security_lab.dir/home/pedro/.pico-sdk/sdk/2.1.1/lib/tinyusb/src/tusb.c.o
                0x10006398                tu_edpt_validate
 .text.tu_edpt_bind_driver
                0x10006414       0x34 CMakeFiles/iot_security_lab.dir/home/pedro/.pico-sdk/sdk/2.1.1/lib/tinyusb/src/tusb.c.o
                0x10006414                tu_edpt_bind_driver
 .text.tu_edpt_stream_init
                0x10006448       0x6c CMakeFiles/iot_security_lab.dir/home/pedro/.pico-sdk/sdk/2.1.1/lib/tinyusb/src/tusb.c.o
                0x10006448                tu_edpt_stream_init
 .text.tu_edpt_stream_deinit
                0x100064b4        0x4 CMakeFiles/iot_security_lab.dir/home/pedro/.pico-sdk/sdk/2.1.1/lib/tinyusb/src/tusb.c.o
                0x100064b4                tu_edpt_stream_deinit
 .text.tu_edpt_stream_write_zlp_if_needed
                0x100064b8       0x68 CMakeFiles/iot_security_lab.dir/home/pedro/.pico-sdk/sdk/2.1.1/lib/tinyusb/src/tusb.c.o
                0x100064b8                tu_edpt_stream_write_zlp_if_needed
 .text.tu_edpt_stream_write_xfer
                0x10006520       0x68 CMakeFiles/iot_security_lab.dir/home/pedro/.pico-sdk/sdk/2.1.1/lib/tinyusb/src/tusb.c.o
                0x10006520                tu_edpt_stream_write_xfer
 .text.tu_edpt_stream_read_xfer
                0x10006588       0xd8 CMakeFiles/iot_security_lab.dir/home/pedro/.pico-sdk/sdk/2.1.1/lib/tinyusb/src/tusb.c.o
                0x10006588                tu_edpt_stream_read_xfer
 .text.tu_fifo_config
                0x10006660       0x6c CMakeFiles/iot_security_lab.dir/home/pedro/.pico-sdk/sdk/2.1.1/lib/tinyusb/src/common/tusb_fifo.c.o
                0x10006660                tu_fifo_config
 .text.tu_fifo_count
                0x100066cc       0x2c CMakeFiles/iot_security_lab.dir/home/pedro/.pico-sdk/sdk/2.1.1/lib/tinyusb/src/common/tusb_fifo.c.o
                0x100066cc                tu_fifo_count
 .text.tu_fifo_empty
                0x100066f8       0x10 CMakeFiles/iot_security_lab.dir/home/pedro/.pico-sdk/sdk/2.1.1/lib/tinyusb/src/common/tusb_fifo.c.o
                0x100066f8                tu_fifo_empty
 .text.tu_fifo_remaining
                0x10006708       0x2c CMakeFiles/iot_security_lab.dir/home/pedro/.pico-sdk/sdk/2.1.1/lib/tinyusb/src/common/tusb_fifo.c.o
                0x10006708                tu_fifo_remaining
 .text.tu_fifo_read
                0x10006734       0x9c CMakeFiles/iot_security_lab.dir/home/pedro/.pico-sdk/sdk/2.1.1/lib/tinyusb/src/common/tusb_fifo.c.o
                0x10006734                tu_fifo_read
 .text.tu_fifo_read_n
                0x100067d0       0xe8 CMakeFiles/iot_security_lab.dir/home/pedro/.pico-sdk/sdk/2.1.1/lib/tinyusb/src/common/tusb_fifo.c.o
                0x100067d0                tu_fifo_read_n
 .text.tu_fifo_write
                0x100068b8       0xa4 CMakeFiles/iot_security_lab.dir/home/pedro/.pico-sdk/sdk/2.1.1/lib/tinyusb/src/common/tusb_fifo.c.o
                0x100068b8                tu_fifo_write
 .text.tu_fifo_write_n
                0x1000695c      0x178 CMakeFiles/iot_security_lab.dir/home/pedro/.pico-sdk/sdk/2.1.1/lib/tinyusb/src/common/tusb_fifo.c.o
                0x1000695c                tu_fifo_write_n
 .text.tu_fifo_clear
                0x10006ad4       0x40 CMakeFiles/iot_security_lab.dir/home/pedro/.pico-sdk/sdk/2.1.1/lib/tinyusb/src/common/tusb_fifo.c.o
                0x10006ad4                tu_fifo_clear
 .text.tu_fifo_set_overwritable
                0x10006b14       0x48 CMakeFiles/iot_security_lab.dir/home/pedro/.pico-sdk/sdk/2.1.1/lib/tinyusb/src/common/tusb_fifo.c.o
                0x10006b14                tu_fifo_set_overwritable
 .text.lwip_timeout_reached
                0x10006b5c        0x8 CMakeFiles/iot_security_lab.dir/home/pedro/.pico-sdk/sdk/2.1.1/src/rp2_common/pico_lwip/lwip_nosys.c.o
 .text.update_next_timeout
                0x10006b64       0x5c CMakeFiles/iot_security_lab.dir/home/pedro/.pico-sdk/sdk/2.1.1/src/rp2_common/pico_lwip/lwip_nosys.c.o
 .text.lwip_nosys_init
                0x10006bc0       0x30 CMakeFiles/iot_security_lab.dir/home/pedro/.pico-sdk/sdk/2.1.1/src/rp2_common/pico_lwip/lwip_nosys.c.o
                0x10006bc0                lwip_nosys_init
 .text.lwip_nosys_deinit
                0x10006bf0       0x20 CMakeFiles/iot_security_lab.dir/home/pedro/.pico-sdk/sdk/2.1.1/src/rp2_common/pico_lwip/lwip_nosys.c.o
                0x10006bf0                lwip_nosys_deinit
 .text.sys_arch_protect
                0x10006c10        0x4 CMakeFiles/iot_security_lab.dir/home/pedro/.pico-sdk/sdk/2.1.1/src/rp2_common/pico_lwip/lwip_nosys.c.o
                0x10006c10                sys_arch_protect
 .text.sys_arch_unprotect
                0x10006c14        0x4 CMakeFiles/iot_security_lab.dir/home/pedro/.pico-sdk/sdk/2.1.1/src/rp2_common/pico_lwip/lwip_nosys.c.o
                0x10006c14                sys_arch_unprotect
 .text.sys_now  0x10006c18       0x20 CMakeFiles/iot_security_lab.dir/home/pedro/.pico-sdk/sdk/2.1.1/src/rp2_common/pico_lwip/lwip_nosys.c.o
                0x10006c18                sys_now
 .text.async_context_base_add_at_time_worker
                0x10006c38       0x28 CMakeFiles/iot_security_lab.dir/home/pedro/.pico-sdk/sdk/2.1.1/src/rp2_common/pico_async_context/async_context_base.c.o
                0x10006c38                async_context_base_add_at_time_worker
 .text.async_context_base_remove_at_time_worker
                0x10006c60       0x24 CMakeFiles/iot_security_lab.dir/home/pedro/.pico-sdk/sdk/2.1.1/src/rp2_common/pico_async_context/async_context_base.c.o
                0x10006c60                async_context_base_remove_at_time_worker
 .text.async_context_base_add_when_pending_worker
                0x10006c84       0x24 CMakeFiles/iot_security_lab.dir/home/pedro/.pico-sdk/sdk/2.1.1/src/rp2_common/pico_async_context/async_context_base.c.o
                0x10006c84                async_context_base_add_when_pending_worker
 .text.async_context_base_remove_when_pending_worker
                0x10006ca8       0x24 CMakeFiles/iot_security_lab.dir/home/pedro/.pico-sdk/sdk/2.1.1/src/rp2_common/pico_async_context/async_context_base.c.o
                0x10006ca8                async_context_base_remove_when_pending_worker
 .text.async_context_base_execute_once
                0x10006ccc      0x108 CMakeFiles/iot_security_lab.dir/home/pedro/.pico-sdk/sdk/2.1.1/src/rp2_common/pico_async_context/async_context_base.c.o
                0x10006ccc                async_context_base_execute_once
 .text.splitmix64
                0x10006dd4       0x58 CMakeFiles/iot_security_lab.dir/home/pedro/.pico-sdk/sdk/2.1.1/src/rp2_common/pico_rand/rand.c.o
 .text.xoroshiro128ss
                0x10006e2c       0x90 CMakeFiles/iot_security_lab.dir/home/pedro/.pico-sdk/sdk/2.1.1/src/rp2_common/pico_rand/rand.c.o
 .text.get_rand_64
                0x10006ebc      0x47c CMakeFiles/iot_security_lab.dir/home/pedro/.pico-sdk/sdk/2.1.1/src/rp2_common/pico_rand/rand.c.o
                0x10006ebc                get_rand_64
 .text.get_rand_32
                0x10007338        0x8 CMakeFiles/iot_security_lab.dir/home/pedro/.pico-sdk/sdk/2.1.1/src/rp2_common/pico_rand/rand.c.o
                0x10007338                get_rand_32
 .text.lwip_init
                0x10007340       0x24 CMakeFiles/iot_security_lab.dir/home/pedro/.pico-sdk/sdk/2.1.1/lib/lwip/src/core/init.c.o
                0x10007340                lwip_init
 .text.lwip_htons
                0x10007364        0x8 CMakeFiles/iot_security_lab.dir/home/pedro/.pico-sdk/sdk/2.1.1/lib/lwip/src/core/def.c.o
                0x10007364                lwip_htons
 .text.lwip_htonl
                0x1000736c        0x4 CMakeFiles/iot_security_lab.dir/home/pedro/.pico-sdk/sdk/2.1.1/lib/lwip/src/core/def.c.o
                0x1000736c                lwip_htonl
 .text.dns_call_found
                0x10007370      0x184 CMakeFiles/iot_security_lab.dir/home/pedro/.pico-sdk/sdk/2.1.1/lib/lwip/src/core/dns.c.o
 .text.dns_send.isra.0
                0x100074f4      0x174 CMakeFiles/iot_security_lab.dir/home/pedro/.pico-sdk/sdk/2.1.1/lib/lwip/src/core/dns.c.o
 .text.dns_init
                0x10007668        0x4 CMakeFiles/iot_security_lab.dir/home/pedro/.pico-sdk/sdk/2.1.1/lib/lwip/src/core/dns.c.o
                0x10007668                dns_init
 .text.dns_setserver
                0x1000766c       0x24 CMakeFiles/iot_security_lab.dir/home/pedro/.pico-sdk/sdk/2.1.1/lib/lwip/src/core/dns.c.o
                0x1000766c                dns_setserver
 .text.dns_tmr  0x10007690      0x130 CMakeFiles/iot_security_lab.dir/home/pedro/.pico-sdk/sdk/2.1.1/lib/lwip/src/core/dns.c.o
                0x10007690                dns_tmr
 .text.lwip_standard_chksum
                0x100077c0       0xf4 CMakeFiles/iot_security_lab.dir/home/pedro/.pico-sdk/sdk/2.1.1/lib/lwip/src/core/inet_chksum.c.o
                0x100077c0                lwip_standard_chksum
 .text.inet_chksum_pseudo
                0x100078b4       0xbc CMakeFiles/iot_security_lab.dir/home/pedro/.pico-sdk/sdk/2.1.1/lib/lwip/src/core/inet_chksum.c.o
                0x100078b4                inet_chksum_pseudo
 .text.ip_chksum_pseudo
                0x10007970       0x10 CMakeFiles/iot_security_lab.dir/home/pedro/.pico-sdk/sdk/2.1.1/lib/lwip/src/core/inet_chksum.c.o
                0x10007970                ip_chksum_pseudo
 .text.inet_chksum
                0x10007980        0xc CMakeFiles/iot_security_lab.dir/home/pedro/.pico-sdk/sdk/2.1.1/lib/lwip/src/core/inet_chksum.c.o
                0x10007980                inet_chksum
 .text.inet_chksum_pbuf
                0x1000798c       0x78 CMakeFiles/iot_security_lab.dir/home/pedro/.pico-sdk/sdk/2.1.1/lib/lwip/src/core/inet_chksum.c.o
                0x1000798c                inet_chksum_pbuf
 .text.mem_init
                0x10007a04       0x3c CMakeFiles/iot_security_lab.dir/home/pedro/.pico-sdk/sdk/2.1.1/lib/lwip/src/core/mem.c.o
                0x10007a04                mem_init
 .text.mem_free
                0x10007a40      0x13c CMakeFiles/iot_security_lab.dir/home/pedro/.pico-sdk/sdk/2.1.1/lib/lwip/src/core/mem.c.o
                0x10007a40                mem_free
 .text.mem_trim
                0x10007b7c      0x104 CMakeFiles/iot_security_lab.dir/home/pedro/.pico-sdk/sdk/2.1.1/lib/lwip/src/core/mem.c.o
                0x10007b7c                mem_trim
 .text.mem_malloc
                0x10007c80      0x130 CMakeFiles/iot_security_lab.dir/home/pedro/.pico-sdk/sdk/2.1.1/lib/lwip/src/core/mem.c.o
                0x10007c80                mem_malloc
 .text.mem_calloc
                0x10007db0       0x28 CMakeFiles/iot_security_lab.dir/home/pedro/.pico-sdk/sdk/2.1.1/lib/lwip/src/core/mem.c.o
                0x10007db0                mem_calloc
 .text.memp_init
                0x10007dd8       0x6c CMakeFiles/iot_security_lab.dir/home/pedro/.pico-sdk/sdk/2.1.1/lib/lwip/src/core/memp.c.o
                0x10007dd8                memp_init
 .text.memp_malloc
                0x10007e44       0x40 CMakeFiles/iot_security_lab.dir/home/pedro/.pico-sdk/sdk/2.1.1/lib/lwip/src/core/memp.c.o
                0x10007e44                memp_malloc
 .text.memp_free
                0x10007e84       0x38 CMakeFiles/iot_security_lab.dir/home/pedro/.pico-sdk/sdk/2.1.1/lib/lwip/src/core/memp.c.o
                0x10007e84                memp_free
 .text.netif_null_output_ip4
                0x10007ebc        0x8 CMakeFiles/iot_security_lab.dir/home/pedro/.pico-sdk/sdk/2.1.1/lib/lwip/src/core/netif.c.o
 .text.netif_do_set_ipaddr.isra.0
                0x10007ec4       0x70 CMakeFiles/iot_security_lab.dir/home/pedro/.pico-sdk/sdk/2.1.1/lib/lwip/src/core/netif.c.o
 .text.netif_init
                0x10007f34        0x4 CMakeFiles/iot_security_lab.dir/home/pedro/.pico-sdk/sdk/2.1.1/lib/lwip/src/core/netif.c.o
                0x10007f34                netif_init
 .text.netif_add
                0x10007f38      0x174 CMakeFiles/iot_security_lab.dir/home/pedro/.pico-sdk/sdk/2.1.1/lib/lwip/src/core/netif.c.o
                0x10007f38                netif_add
 .text.netif_set_addr
                0x100080ac       0xb8 CMakeFiles/iot_security_lab.dir/home/pedro/.pico-sdk/sdk/2.1.1/lib/lwip/src/core/netif.c.o
                0x100080ac                netif_set_addr
 .text.netif_remove
                0x10008164       0x94 CMakeFiles/iot_security_lab.dir/home/pedro/.pico-sdk/sdk/2.1.1/lib/lwip/src/core/netif.c.o
                0x10008164                netif_remove
 .text.netif_set_default
                0x100081f8        0xc CMakeFiles/iot_security_lab.dir/home/pedro/.pico-sdk/sdk/2.1.1/lib/lwip/src/core/netif.c.o
                0x100081f8                netif_set_default
 .text.netif_set_up
                0x10008204       0x40 CMakeFiles/iot_security_lab.dir/home/pedro/.pico-sdk/sdk/2.1.1/lib/lwip/src/core/netif.c.o
                0x10008204                netif_set_up
 .text.netif_set_link_up
                0x10008244       0x44 CMakeFiles/iot_security_lab.dir/home/pedro/.pico-sdk/sdk/2.1.1/lib/lwip/src/core/netif.c.o
                0x10008244                netif_set_link_up
 .text.netif_set_link_down
                0x10008288       0x20 CMakeFiles/iot_security_lab.dir/home/pedro/.pico-sdk/sdk/2.1.1/lib/lwip/src/core/netif.c.o
                0x10008288                netif_set_link_down
 .text.netif_get_by_index
                0x100082a8       0x2c CMakeFiles/iot_security_lab.dir/home/pedro/.pico-sdk/sdk/2.1.1/lib/lwip/src/core/netif.c.o
                0x100082a8                netif_get_by_index
 .text.pbuf_free.part.0
                0x100082d4       0x7c CMakeFiles/iot_security_lab.dir/home/pedro/.pico-sdk/sdk/2.1.1/lib/lwip/src/core/pbuf.c.o
 .text.pbuf_free_ooseq
                0x10008350       0x34 CMakeFiles/iot_security_lab.dir/home/pedro/.pico-sdk/sdk/2.1.1/lib/lwip/src/core/pbuf.c.o
                0x10008350                pbuf_free_ooseq
 .text.pbuf_alloc
                0x10008384      0x134 CMakeFiles/iot_security_lab.dir/home/pedro/.pico-sdk/sdk/2.1.1/lib/lwip/src/core/pbuf.c.o
                0x10008384                pbuf_alloc
 .text.pbuf_realloc
                0x100084b8       0x84 CMakeFiles/iot_security_lab.dir/home/pedro/.pico-sdk/sdk/2.1.1/lib/lwip/src/core/pbuf.c.o
                0x100084b8                pbuf_realloc
 .text.pbuf_add_header
                0x1000853c       0x54 CMakeFiles/iot_security_lab.dir/home/pedro/.pico-sdk/sdk/2.1.1/lib/lwip/src/core/pbuf.c.o
                0x1000853c                pbuf_add_header
 .text.pbuf_remove_header
                0x10008590       0x3c CMakeFiles/iot_security_lab.dir/home/pedro/.pico-sdk/sdk/2.1.1/lib/lwip/src/core/pbuf.c.o
                0x10008590                pbuf_remove_header
 .text.pbuf_header_force
                0x100085cc       0x68 CMakeFiles/iot_security_lab.dir/home/pedro/.pico-sdk/sdk/2.1.1/lib/lwip/src/core/pbuf.c.o
                0x100085cc                pbuf_header_force
 .text.pbuf_free
                0x10008634       0x18 CMakeFiles/iot_security_lab.dir/home/pedro/.pico-sdk/sdk/2.1.1/lib/lwip/src/core/pbuf.c.o
                0x10008634                pbuf_free
 .text.pbuf_clen
                0x1000864c       0x14 CMakeFiles/iot_security_lab.dir/home/pedro/.pico-sdk/sdk/2.1.1/lib/lwip/src/core/pbuf.c.o
                0x1000864c                pbuf_clen
 .text.pbuf_ref
                0x10008660       0x28 CMakeFiles/iot_security_lab.dir/home/pedro/.pico-sdk/sdk/2.1.1/lib/lwip/src/core/pbuf.c.o
                0x10008660                pbuf_ref
 .text.pbuf_cat
                0x10008688       0x44 CMakeFiles/iot_security_lab.dir/home/pedro/.pico-sdk/sdk/2.1.1/lib/lwip/src/core/pbuf.c.o
                0x10008688                pbuf_cat
 .text.pbuf_chain
                0x100086cc       0x64 CMakeFiles/iot_security_lab.dir/home/pedro/.pico-sdk/sdk/2.1.1/lib/lwip/src/core/pbuf.c.o
                0x100086cc                pbuf_chain
 .text.pbuf_copy_partial_pbuf
                0x10008730      0x158 CMakeFiles/iot_security_lab.dir/home/pedro/.pico-sdk/sdk/2.1.1/lib/lwip/src/core/pbuf.c.o
                0x10008730                pbuf_copy_partial_pbuf
 .text.pbuf_copy
                0x10008888       0x18 CMakeFiles/iot_security_lab.dir/home/pedro/.pico-sdk/sdk/2.1.1/lib/lwip/src/core/pbuf.c.o
                0x10008888                pbuf_copy
 .text.pbuf_copy_partial
                0x100088a0       0x70 CMakeFiles/iot_security_lab.dir/home/pedro/.pico-sdk/sdk/2.1.1/lib/lwip/src/core/pbuf.c.o
                0x100088a0                pbuf_copy_partial
 .text.pbuf_get_contiguous
                0x10008910       0xa4 CMakeFiles/iot_security_lab.dir/home/pedro/.pico-sdk/sdk/2.1.1/lib/lwip/src/core/pbuf.c.o
                0x10008910                pbuf_get_contiguous
 .text.pbuf_take
                0x100089b4       0x78 CMakeFiles/iot_security_lab.dir/home/pedro/.pico-sdk/sdk/2.1.1/lib/lwip/src/core/pbuf.c.o
                0x100089b4                pbuf_take
 .text.pbuf_take_at
                0x10008a2c       0xc0 CMakeFiles/iot_security_lab.dir/home/pedro/.pico-sdk/sdk/2.1.1/lib/lwip/src/core/pbuf.c.o
                0x10008a2c                pbuf_take_at
 .text.pbuf_clone
                0x10008aec       0x30 CMakeFiles/iot_security_lab.dir/home/pedro/.pico-sdk/sdk/2.1.1/lib/lwip/src/core/pbuf.c.o
                0x10008aec                pbuf_clone
 .text.pbuf_get_at
                0x10008b1c       0x20 CMakeFiles/iot_security_lab.dir/home/pedro/.pico-sdk/sdk/2.1.1/lib/lwip/src/core/pbuf.c.o
                0x10008b1c                pbuf_get_at
 .text.pbuf_put_at
                0x10008b3c       0x1c CMakeFiles/iot_security_lab.dir/home/pedro/.pico-sdk/sdk/2.1.1/lib/lwip/src/core/pbuf.c.o
                0x10008b3c                pbuf_put_at
 .text.raw_input
                0x10008b58      0x164 CMakeFiles/iot_security_lab.dir/home/pedro/.pico-sdk/sdk/2.1.1/lib/lwip/src/core/raw.c.o
                0x10008b58                raw_input
 .text.raw_netif_ip_addr_changed
                0x10008cbc       0x40 CMakeFiles/iot_security_lab.dir/home/pedro/.pico-sdk/sdk/2.1.1/lib/lwip/src/core/raw.c.o
                0x10008cbc                raw_netif_ip_addr_changed
 .text.stats_init
                0x10008cfc        0x4 CMakeFiles/iot_security_lab.dir/home/pedro/.pico-sdk/sdk/2.1.1/lib/lwip/src/core/stats.c.o
                0x10008cfc                stats_init
 .text.tcp_close_shutdown_fin
                0x10008d00       0x54 CMakeFiles/iot_security_lab.dir/home/pedro/.pico-sdk/sdk/2.1.1/lib/lwip/src/core/tcp.c.o
 .text.tcp_pcb_purge.part.0
                0x10008d54       0xc4 CMakeFiles/iot_security_lab.dir/home/pedro/.pico-sdk/sdk/2.1.1/lib/lwip/src/core/tcp.c.o
 .text.tcp_init
                0x10008e18       0x20 CMakeFiles/iot_security_lab.dir/home/pedro/.pico-sdk/sdk/2.1.1/lib/lwip/src/core/tcp.c.o
                0x10008e18                tcp_init
 .text.tcp_free
                0x10008e38       0x1c CMakeFiles/iot_security_lab.dir/home/pedro/.pico-sdk/sdk/2.1.1/lib/lwip/src/core/tcp.c.o
                0x10008e38                tcp_free
 .text.tcp_bind
                0x10008e54       0xf4 CMakeFiles/iot_security_lab.dir/home/pedro/.pico-sdk/sdk/2.1.1/lib/lwip/src/core/tcp.c.o
                0x10008e54                tcp_bind
 .text.tcp_update_rcv_ann_wnd
                0x10008f48       0x58 CMakeFiles/iot_security_lab.dir/home/pedro/.pico-sdk/sdk/2.1.1/lib/lwip/src/core/tcp.c.o
                0x10008f48                tcp_update_rcv_ann_wnd
 .text.tcp_recved
                0x10008fa0       0x98 CMakeFiles/iot_security_lab.dir/home/pedro/.pico-sdk/sdk/2.1.1/lib/lwip/src/core/tcp.c.o
                0x10008fa0                tcp_recved
 .text.tcp_connect
                0x10009038      0x1bc CMakeFiles/iot_security_lab.dir/home/pedro/.pico-sdk/sdk/2.1.1/lib/lwip/src/core/tcp.c.o
                0x10009038                tcp_connect
 .text.tcp_slowtmr
                0x100091f4      0x514 CMakeFiles/iot_security_lab.dir/home/pedro/.pico-sdk/sdk/2.1.1/lib/lwip/src/core/tcp.c.o
                0x100091f4                tcp_slowtmr
 .text.tcp_segs_free
                0x10009708       0x38 CMakeFiles/iot_security_lab.dir/home/pedro/.pico-sdk/sdk/2.1.1/lib/lwip/src/core/tcp.c.o
                0x10009708                tcp_segs_free
 .text.tcp_seg_free
                0x10009740       0x1c CMakeFiles/iot_security_lab.dir/home/pedro/.pico-sdk/sdk/2.1.1/lib/lwip/src/core/tcp.c.o
                0x10009740                tcp_seg_free
 .text.tcp_seg_copy
                0x1000975c       0x2c CMakeFiles/iot_security_lab.dir/home/pedro/.pico-sdk/sdk/2.1.1/lib/lwip/src/core/tcp.c.o
                0x1000975c                tcp_seg_copy
 .text.tcp_arg  0x10009788        0x8 CMakeFiles/iot_security_lab.dir/home/pedro/.pico-sdk/sdk/2.1.1/lib/lwip/src/core/tcp.c.o
                0x10009788                tcp_arg
 .text.tcp_recv
                0x10009790       0x1c CMakeFiles/iot_security_lab.dir/home/pedro/.pico-sdk/sdk/2.1.1/lib/lwip/src/core/tcp.c.o
                0x10009790                tcp_recv
 .text.tcp_sent
                0x100097ac       0x1c CMakeFiles/iot_security_lab.dir/home/pedro/.pico-sdk/sdk/2.1.1/lib/lwip/src/core/tcp.c.o
                0x100097ac                tcp_sent
 .text.tcp_err  0x100097c8       0x1c CMakeFiles/iot_security_lab.dir/home/pedro/.pico-sdk/sdk/2.1.1/lib/lwip/src/core/tcp.c.o
                0x100097c8                tcp_err
 .text.tcp_poll
                0x100097e4       0x20 CMakeFiles/iot_security_lab.dir/home/pedro/.pico-sdk/sdk/2.1.1/lib/lwip/src/core/tcp.c.o
                0x100097e4                tcp_poll
 .text.tcp_pcb_purge
                0x10009804       0x18 CMakeFiles/iot_security_lab.dir/home/pedro/.pico-sdk/sdk/2.1.1/lib/lwip/src/core/tcp.c.o
                0x10009804                tcp_pcb_purge
 .text.tcp_pcb_remove
                0x1000981c       0xc8 CMakeFiles/iot_security_lab.dir/home/pedro/.pico-sdk/sdk/2.1.1/lib/lwip/src/core/tcp.c.o
                0x1000981c                tcp_pcb_remove
 .text.tcp_abandon
                0x100098e4      0x1a0 CMakeFiles/iot_security_lab.dir/home/pedro/.pico-sdk/sdk/2.1.1/lib/lwip/src/core/tcp.c.o
                0x100098e4                tcp_abandon
 .text.tcp_abort
                0x10009a84        0xc CMakeFiles/iot_security_lab.dir/home/pedro/.pico-sdk/sdk/2.1.1/lib/lwip/src/core/tcp.c.o
                0x10009a84                tcp_abort
 .text.tcp_alloc
                0x10009a90      0x1d4 CMakeFiles/iot_security_lab.dir/home/pedro/.pico-sdk/sdk/2.1.1/lib/lwip/src/core/tcp.c.o
                0x10009a90                tcp_alloc
 .text.tcp_new_ip_type
                0x10009c64        0xc CMakeFiles/iot_security_lab.dir/home/pedro/.pico-sdk/sdk/2.1.1/lib/lwip/src/core/tcp.c.o
                0x10009c64                tcp_new_ip_type
 .text.tcp_close_shutdown
                0x10009c70      0x188 CMakeFiles/iot_security_lab.dir/home/pedro/.pico-sdk/sdk/2.1.1/lib/lwip/src/core/tcp.c.o
 .text.tcp_recv_null
                0x10009df8       0xcc CMakeFiles/iot_security_lab.dir/home/pedro/.pico-sdk/sdk/2.1.1/lib/lwip/src/core/tcp.c.o
                0x10009df8                tcp_recv_null
 .text.tcp_process_refused_data
                0x10009ec4       0x78 CMakeFiles/iot_security_lab.dir/home/pedro/.pico-sdk/sdk/2.1.1/lib/lwip/src/core/tcp.c.o
                0x10009ec4                tcp_process_refused_data
 .text.tcp_fasttmr
                0x10009f3c       0x98 CMakeFiles/iot_security_lab.dir/home/pedro/.pico-sdk/sdk/2.1.1/lib/lwip/src/core/tcp.c.o
                0x10009f3c                tcp_fasttmr
 .text.tcp_tmr  0x10009fd4       0x20 CMakeFiles/iot_security_lab.dir/home/pedro/.pico-sdk/sdk/2.1.1/lib/lwip/src/core/tcp.c.o
                0x10009fd4                tcp_tmr
 .text.tcp_close
                0x10009ff4      0x170 CMakeFiles/iot_security_lab.dir/home/pedro/.pico-sdk/sdk/2.1.1/lib/lwip/src/core/tcp.c.o
                0x10009ff4                tcp_close
 .text.tcp_next_iss
                0x1000a164       0x28 CMakeFiles/iot_security_lab.dir/home/pedro/.pico-sdk/sdk/2.1.1/lib/lwip/src/core/tcp.c.o
                0x1000a164                tcp_next_iss
 .text.tcp_eff_send_mss_netif
                0x1000a18c       0x34 CMakeFiles/iot_security_lab.dir/home/pedro/.pico-sdk/sdk/2.1.1/lib/lwip/src/core/tcp.c.o
                0x1000a18c                tcp_eff_send_mss_netif
 .text.tcp_netif_ip_addr_changed
                0x1000a1c0       0x94 CMakeFiles/iot_security_lab.dir/home/pedro/.pico-sdk/sdk/2.1.1/lib/lwip/src/core/tcp.c.o
                0x1000a1c0                tcp_netif_ip_addr_changed
 .text.tcp_free_ooseq
                0x1000a254       0x40 CMakeFiles/iot_security_lab.dir/home/pedro/.pico-sdk/sdk/2.1.1/lib/lwip/src/core/tcp.c.o
                0x1000a254                tcp_free_ooseq
 .text.tcp_parseopt
                0x1000a294      0x1b0 CMakeFiles/iot_security_lab.dir/home/pedro/.pico-sdk/sdk/2.1.1/lib/lwip/src/core/tcp_in.c.o
 .text.tcp_oos_insert_segment
                0x1000a444       0xcc CMakeFiles/iot_security_lab.dir/home/pedro/.pico-sdk/sdk/2.1.1/lib/lwip/src/core/tcp_in.c.o
 .text.tcp_free_acked_segments.isra.0
                0x1000a510       0xdc CMakeFiles/iot_security_lab.dir/home/pedro/.pico-sdk/sdk/2.1.1/lib/lwip/src/core/tcp_in.c.o
 .text.tcp_receive
                0x1000a5ec      0xa2c CMakeFiles/iot_security_lab.dir/home/pedro/.pico-sdk/sdk/2.1.1/lib/lwip/src/core/tcp_in.c.o
 .text.tcp_input
                0x1000b018      0xe3c CMakeFiles/iot_security_lab.dir/home/pedro/.pico-sdk/sdk/2.1.1/lib/lwip/src/core/tcp_in.c.o
                0x1000b018                tcp_input
 .text.tcp_trigger_input_pcb_close
                0x1000be54       0x10 CMakeFiles/iot_security_lab.dir/home/pedro/.pico-sdk/sdk/2.1.1/lib/lwip/src/core/tcp_in.c.o
                0x1000be54                tcp_trigger_input_pcb_close
 .text.tcp_create_segment
                0x1000be64       0xe8 CMakeFiles/iot_security_lab.dir/home/pedro/.pico-sdk/sdk/2.1.1/lib/lwip/src/core/tcp_out.c.o
 .text.tcp_output_control_segment
                0x1000bf4c       0xb4 CMakeFiles/iot_security_lab.dir/home/pedro/.pico-sdk/sdk/2.1.1/lib/lwip/src/core/tcp_out.c.o
 .text.tcp_write
                0x1000c000      0x470 CMakeFiles/iot_security_lab.dir/home/pedro/.pico-sdk/sdk/2.1.1/lib/lwip/src/core/tcp_out.c.o
                0x1000c000                tcp_write
 .text.tcp_split_unsent_seg
                0x1000c470      0x1b4 CMakeFiles/iot_security_lab.dir/home/pedro/.pico-sdk/sdk/2.1.1/lib/lwip/src/core/tcp_out.c.o
                0x1000c470                tcp_split_unsent_seg
 .text.tcp_send_fin
                0x1000c624      0x118 CMakeFiles/iot_security_lab.dir/home/pedro/.pico-sdk/sdk/2.1.1/lib/lwip/src/core/tcp_out.c.o
                0x1000c624                tcp_send_fin
 .text.tcp_enqueue_flags
                0x1000c73c      0x12c CMakeFiles/iot_security_lab.dir/home/pedro/.pico-sdk/sdk/2.1.1/lib/lwip/src/core/tcp_out.c.o
                0x1000c73c                tcp_enqueue_flags
 .text.tcp_rexmit_rto_prepare
                0x1000c868       0x9c CMakeFiles/iot_security_lab.dir/home/pedro/.pico-sdk/sdk/2.1.1/lib/lwip/src/core/tcp_out.c.o
                0x1000c868                tcp_rexmit_rto_prepare
 .text.tcp_rexmit
                0x1000c904       0x9c CMakeFiles/iot_security_lab.dir/home/pedro/.pico-sdk/sdk/2.1.1/lib/lwip/src/core/tcp_out.c.o
                0x1000c904                tcp_rexmit
 .text.tcp_rexmit_fast
                0x1000c9a0       0x64 CMakeFiles/iot_security_lab.dir/home/pedro/.pico-sdk/sdk/2.1.1/lib/lwip/src/core/tcp_out.c.o
                0x1000c9a0                tcp_rexmit_fast
 .text.tcp_rst  0x1000ca04       0xe8 CMakeFiles/iot_security_lab.dir/home/pedro/.pico-sdk/sdk/2.1.1/lib/lwip/src/core/tcp_out.c.o
                0x1000ca04                tcp_rst
 .text.tcp_rst_netif
                0x1000caec      0x130 CMakeFiles/iot_security_lab.dir/home/pedro/.pico-sdk/sdk/2.1.1/lib/lwip/src/core/tcp_out.c.o
                0x1000caec                tcp_rst_netif
 .text.tcp_send_empty_ack
                0x1000cc1c       0xf0 CMakeFiles/iot_security_lab.dir/home/pedro/.pico-sdk/sdk/2.1.1/lib/lwip/src/core/tcp_out.c.o
                0x1000cc1c                tcp_send_empty_ack
 .text.tcp_output
                0x1000cd0c      0x44c CMakeFiles/iot_security_lab.dir/home/pedro/.pico-sdk/sdk/2.1.1/lib/lwip/src/core/tcp_out.c.o
                0x1000cd0c                tcp_output
 .text.tcp_rexmit_rto_commit
                0x1000d158       0x24 CMakeFiles/iot_security_lab.dir/home/pedro/.pico-sdk/sdk/2.1.1/lib/lwip/src/core/tcp_out.c.o
                0x1000d158                tcp_rexmit_rto_commit
 .text.tcp_rexmit_rto
                0x1000d17c       0xa4 CMakeFiles/iot_security_lab.dir/home/pedro/.pico-sdk/sdk/2.1.1/lib/lwip/src/core/tcp_out.c.o
                0x1000d17c                tcp_rexmit_rto
 .text.tcp_keepalive
                0x1000d220       0xdc CMakeFiles/iot_security_lab.dir/home/pedro/.pico-sdk/sdk/2.1.1/lib/lwip/src/core/tcp_out.c.o
                0x1000d220                tcp_keepalive
 .text.tcp_zero_window_probe
                0x1000d2fc      0x1a8 CMakeFiles/iot_security_lab.dir/home/pedro/.pico-sdk/sdk/2.1.1/lib/lwip/src/core/tcp_out.c.o
                0x1000d2fc                tcp_zero_window_probe
 .text.tcpip_tcp_timer
                0x1000d4a4       0x78 CMakeFiles/iot_security_lab.dir/home/pedro/.pico-sdk/sdk/2.1.1/lib/lwip/src/core/timeouts.c.o
 .text.lwip_cyclic_timer
                0x1000d51c       0x98 CMakeFiles/iot_security_lab.dir/home/pedro/.pico-sdk/sdk/2.1.1/lib/lwip/src/core/timeouts.c.o
 .text.tcp_timer_needed
                0x1000d5b4       0x7c CMakeFiles/iot_security_lab.dir/home/pedro/.pico-sdk/sdk/2.1.1/lib/lwip/src/core/timeouts.c.o
                0x1000d5b4                tcp_timer_needed
 .text.sys_timeouts_init
                0x1000d630       0x8c CMakeFiles/iot_security_lab.dir/home/pedro/.pico-sdk/sdk/2.1.1/lib/lwip/src/core/timeouts.c.o
                0x1000d630                sys_timeouts_init
 .text.sys_timeout
                0x1000d6bc       0x60 CMakeFiles/iot_security_lab.dir/home/pedro/.pico-sdk/sdk/2.1.1/lib/lwip/src/core/timeouts.c.o
                0x1000d6bc                sys_timeout
 .text.sys_untimeout
                0x1000d71c       0x40 CMakeFiles/iot_security_lab.dir/home/pedro/.pico-sdk/sdk/2.1.1/lib/lwip/src/core/timeouts.c.o
                0x1000d71c                sys_untimeout
 .text.sys_check_timeouts
                0x1000d75c       0x68 CMakeFiles/iot_security_lab.dir/home/pedro/.pico-sdk/sdk/2.1.1/lib/lwip/src/core/timeouts.c.o
                0x1000d75c                sys_check_timeouts
 .text.sys_timeouts_sleeptime
                0x1000d7c4       0x28 CMakeFiles/iot_security_lab.dir/home/pedro/.pico-sdk/sdk/2.1.1/lib/lwip/src/core/timeouts.c.o
                0x1000d7c4                sys_timeouts_sleeptime
 .text.udp_init
                0x1000d7ec       0x20 CMakeFiles/iot_security_lab.dir/home/pedro/.pico-sdk/sdk/2.1.1/lib/lwip/src/core/udp.c.o
                0x1000d7ec                udp_init
 .text.udp_input
                0x1000d80c      0x350 CMakeFiles/iot_security_lab.dir/home/pedro/.pico-sdk/sdk/2.1.1/lib/lwip/src/core/udp.c.o
                0x1000d80c                udp_input
 .text.udp_bind
                0x1000db5c      0x10c CMakeFiles/iot_security_lab.dir/home/pedro/.pico-sdk/sdk/2.1.1/lib/lwip/src/core/udp.c.o
                0x1000db5c                udp_bind
 .text.udp_sendto_if_src
                0x1000dc68      0x130 CMakeFiles/iot_security_lab.dir/home/pedro/.pico-sdk/sdk/2.1.1/lib/lwip/src/core/udp.c.o
                0x1000dc68                udp_sendto_if_src
 .text.udp_sendto_if
                0x1000dd98       0x48 CMakeFiles/iot_security_lab.dir/home/pedro/.pico-sdk/sdk/2.1.1/lib/lwip/src/core/udp.c.o
                0x1000dd98                udp_sendto_if
 .text.udp_sendto
                0x1000dde0       0x78 CMakeFiles/iot_security_lab.dir/home/pedro/.pico-sdk/sdk/2.1.1/lib/lwip/src/core/udp.c.o
                0x1000dde0                udp_sendto
 .text.udp_connect
                0x1000de58       0x5c CMakeFiles/iot_security_lab.dir/home/pedro/.pico-sdk/sdk/2.1.1/lib/lwip/src/core/udp.c.o
                0x1000de58                udp_connect
 .text.udp_recv
                0x1000deb4        0xc CMakeFiles/iot_security_lab.dir/home/pedro/.pico-sdk/sdk/2.1.1/lib/lwip/src/core/udp.c.o
                0x1000deb4                udp_recv
 .text.udp_remove
                0x1000dec0       0x3c CMakeFiles/iot_security_lab.dir/home/pedro/.pico-sdk/sdk/2.1.1/lib/lwip/src/core/udp.c.o
                0x1000dec0                udp_remove
 .text.udp_new  0x1000defc       0x1c CMakeFiles/iot_security_lab.dir/home/pedro/.pico-sdk/sdk/2.1.1/lib/lwip/src/core/udp.c.o
                0x1000defc                udp_new
 .text.udp_netif_ip_addr_changed
                0x1000df18       0x40 CMakeFiles/iot_security_lab.dir/home/pedro/.pico-sdk/sdk/2.1.1/lib/lwip/src/core/udp.c.o
                0x1000df18                udp_netif_ip_addr_changed
 .text.dhcp_create_msg
                0x1000df58      0x160 CMakeFiles/iot_security_lab.dir/home/pedro/.pico-sdk/sdk/2.1.1/lib/lwip/src/core/ipv4/dhcp.c.o
 .text.dhcp_inc_pcb_refcount
                0x1000e0b8       0x6c CMakeFiles/iot_security_lab.dir/home/pedro/.pico-sdk/sdk/2.1.1/lib/lwip/src/core/ipv4/dhcp.c.o
 .text.dhcp_bind
                0x1000e124      0x144 CMakeFiles/iot_security_lab.dir/home/pedro/.pico-sdk/sdk/2.1.1/lib/lwip/src/core/ipv4/dhcp.c.o
 .text.dhcp_option_hostname.isra.0
                0x1000e268       0x74 CMakeFiles/iot_security_lab.dir/home/pedro/.pico-sdk/sdk/2.1.1/lib/lwip/src/core/ipv4/dhcp.c.o
 .text.dhcp_handle_ack.isra.0
                0x1000e2dc       0xcc CMakeFiles/iot_security_lab.dir/home/pedro/.pico-sdk/sdk/2.1.1/lib/lwip/src/core/ipv4/dhcp.c.o
 .text.dhcp_reboot.isra.0
                0x1000e3a8      0x17c CMakeFiles/iot_security_lab.dir/home/pedro/.pico-sdk/sdk/2.1.1/lib/lwip/src/core/ipv4/dhcp.c.o
 .text.dhcp_discover.isra.0
                0x1000e524      0x138 CMakeFiles/iot_security_lab.dir/home/pedro/.pico-sdk/sdk/2.1.1/lib/lwip/src/core/ipv4/dhcp.c.o
 .text.dhcp_select.isra.0
                0x1000e65c      0x1e0 CMakeFiles/iot_security_lab.dir/home/pedro/.pico-sdk/sdk/2.1.1/lib/lwip/src/core/ipv4/dhcp.c.o
 .text.dhcp_recv
                0x1000e83c      0x4a8 CMakeFiles/iot_security_lab.dir/home/pedro/.pico-sdk/sdk/2.1.1/lib/lwip/src/core/ipv4/dhcp.c.o
 .text.dhcp_set_struct
                0x1000ece4       0x44 CMakeFiles/iot_security_lab.dir/home/pedro/.pico-sdk/sdk/2.1.1/lib/lwip/src/core/ipv4/dhcp.c.o
                0x1000ece4                dhcp_set_struct
 .text.dhcp_start
                0x1000ed28       0xa8 CMakeFiles/iot_security_lab.dir/home/pedro/.pico-sdk/sdk/2.1.1/lib/lwip/src/core/ipv4/dhcp.c.o
                0x1000ed28                dhcp_start
 .text.dhcp_network_changed_link_up
                0x1000edd0       0x40 CMakeFiles/iot_security_lab.dir/home/pedro/.pico-sdk/sdk/2.1.1/lib/lwip/src/core/ipv4/dhcp.c.o
                0x1000edd0                dhcp_network_changed_link_up
 .text.dhcp_renew
                0x1000ee10      0x13c CMakeFiles/iot_security_lab.dir/home/pedro/.pico-sdk/sdk/2.1.1/lib/lwip/src/core/ipv4/dhcp.c.o
                0x1000ee10                dhcp_renew
 .text.dhcp_release_and_stop
                0x1000ef4c      0x158 CMakeFiles/iot_security_lab.dir/home/pedro/.pico-sdk/sdk/2.1.1/lib/lwip/src/core/ipv4/dhcp.c.o
                0x1000ef4c                dhcp_release_and_stop
 .text.dhcp_coarse_tmr
                0x1000f0a4      0x1e0 CMakeFiles/iot_security_lab.dir/home/pedro/.pico-sdk/sdk/2.1.1/lib/lwip/src/core/ipv4/dhcp.c.o
                0x1000f0a4                dhcp_coarse_tmr
 .text.dhcp_fine_tmr
                0x1000f284       0x78 CMakeFiles/iot_security_lab.dir/home/pedro/.pico-sdk/sdk/2.1.1/lib/lwip/src/core/ipv4/dhcp.c.o
                0x1000f284                dhcp_fine_tmr
 .text.dhcp_stop
                0x1000f2fc      0x158 CMakeFiles/iot_security_lab.dir/home/pedro/.pico-sdk/sdk/2.1.1/lib/lwip/src/core/ipv4/dhcp.c.o
                0x1000f2fc                dhcp_stop
 .text.etharp_find_entry
                0x1000f454      0x3a0 CMakeFiles/iot_security_lab.dir/home/pedro/.pico-sdk/sdk/2.1.1/lib/lwip/src/core/ipv4/etharp.c.o
 .text.etharp_raw
                0x1000f7f4       0xec CMakeFiles/iot_security_lab.dir/home/pedro/.pico-sdk/sdk/2.1.1/lib/lwip/src/core/ipv4/etharp.c.o
 .text.etharp_output_to_arp_index
                0x1000f8e0       0xd0 CMakeFiles/iot_security_lab.dir/home/pedro/.pico-sdk/sdk/2.1.1/lib/lwip/src/core/ipv4/etharp.c.o
 .text.etharp_tmr
                0x1000f9b0       0x94 CMakeFiles/iot_security_lab.dir/home/pedro/.pico-sdk/sdk/2.1.1/lib/lwip/src/core/ipv4/etharp.c.o
                0x1000f9b0                etharp_tmr
 .text.etharp_cleanup_netif
                0x1000fa44      0x188 CMakeFiles/iot_security_lab.dir/home/pedro/.pico-sdk/sdk/2.1.1/lib/lwip/src/core/ipv4/etharp.c.o
                0x1000fa44                etharp_cleanup_netif
 .text.etharp_input
                0x1000fbcc      0x1b8 CMakeFiles/iot_security_lab.dir/home/pedro/.pico-sdk/sdk/2.1.1/lib/lwip/src/core/ipv4/etharp.c.o
                0x1000fbcc                etharp_input
 .text.etharp_query
                0x1000fd84      0x190 CMakeFiles/iot_security_lab.dir/home/pedro/.pico-sdk/sdk/2.1.1/lib/lwip/src/core/ipv4/etharp.c.o
                0x1000fd84                etharp_query
 .text.etharp_output
                0x1000ff14      0x24c CMakeFiles/iot_security_lab.dir/home/pedro/.pico-sdk/sdk/2.1.1/lib/lwip/src/core/ipv4/etharp.c.o
                0x1000ff14                etharp_output
 .text.etharp_request
                0x10010160       0x2c CMakeFiles/iot_security_lab.dir/home/pedro/.pico-sdk/sdk/2.1.1/lib/lwip/src/core/ipv4/etharp.c.o
                0x10010160                etharp_request
 .text.icmp_input
                0x1001018c      0x1ec CMakeFiles/iot_security_lab.dir/home/pedro/.pico-sdk/sdk/2.1.1/lib/lwip/src/core/ipv4/icmp.c.o
                0x1001018c                icmp_input
 .text.icmp_dest_unreach
                0x10010378       0xcc CMakeFiles/iot_security_lab.dir/home/pedro/.pico-sdk/sdk/2.1.1/lib/lwip/src/core/ipv4/icmp.c.o
                0x10010378                icmp_dest_unreach
 .text.icmp_time_exceeded
                0x10010444       0xcc CMakeFiles/iot_security_lab.dir/home/pedro/.pico-sdk/sdk/2.1.1/lib/lwip/src/core/ipv4/icmp.c.o
                0x10010444                icmp_time_exceeded
 .text.ip_reass_free_complete_datagram
                0x10010510      0x11c CMakeFiles/iot_security_lab.dir/home/pedro/.pico-sdk/sdk/2.1.1/lib/lwip/src/core/ipv4/ip4_frag.c.o
 .text.ip_reass_remove_oldest_datagram
                0x1001062c      0x124 CMakeFiles/iot_security_lab.dir/home/pedro/.pico-sdk/sdk/2.1.1/lib/lwip/src/core/ipv4/ip4_frag.c.o
 .text.ip_reass_tmr
                0x10010750       0x30 CMakeFiles/iot_security_lab.dir/home/pedro/.pico-sdk/sdk/2.1.1/lib/lwip/src/core/ipv4/ip4_frag.c.o
                0x10010750                ip_reass_tmr
 .text.ip4_reass
                0x10010780      0x544 CMakeFiles/iot_security_lab.dir/home/pedro/.pico-sdk/sdk/2.1.1/lib/lwip/src/core/ipv4/ip4_frag.c.o
                0x10010780                ip4_reass
 .text.ip4_frag
                0x10010cc4      0x254 CMakeFiles/iot_security_lab.dir/home/pedro/.pico-sdk/sdk/2.1.1/lib/lwip/src/core/ipv4/ip4_frag.c.o
                0x10010cc4                ip4_frag
 .text.ip4_route
                0x10010f18       0x7c CMakeFiles/iot_security_lab.dir/home/pedro/.pico-sdk/sdk/2.1.1/lib/lwip/src/core/ipv4/ip4.c.o
                0x10010f18                ip4_route
 .text.ip4_input
                0x10010f94      0x300 CMakeFiles/iot_security_lab.dir/home/pedro/.pico-sdk/sdk/2.1.1/lib/lwip/src/core/ipv4/ip4.c.o
                0x10010f94                ip4_input
 .text.ip4_output_if
                0x10011294      0x190 CMakeFiles/iot_security_lab.dir/home/pedro/.pico-sdk/sdk/2.1.1/lib/lwip/src/core/ipv4/ip4.c.o
                0x10011294                ip4_output_if
 .text.ip4_output_if_src
                0x10011424      0x184 CMakeFiles/iot_security_lab.dir/home/pedro/.pico-sdk/sdk/2.1.1/lib/lwip/src/core/ipv4/ip4.c.o
                0x10011424                ip4_output_if_src
 .text.ip4_addr_isbroadcast_u32
                0x100115a8       0x3c CMakeFiles/iot_security_lab.dir/home/pedro/.pico-sdk/sdk/2.1.1/lib/lwip/src/core/ipv4/ip4_addr.c.o
                0x100115a8                ip4_addr_isbroadcast_u32
 .text.ip4addr_aton
                0x100115e4      0x1b0 CMakeFiles/iot_security_lab.dir/home/pedro/.pico-sdk/sdk/2.1.1/lib/lwip/src/core/ipv4/ip4_addr.c.o
                0x100115e4                ip4addr_aton
 .text.ethernet_input
                0x10011794       0xd0 CMakeFiles/iot_security_lab.dir/home/pedro/.pico-sdk/sdk/2.1.1/lib/lwip/src/netif/ethernet.c.o
                0x10011794                ethernet_input
 .text.ethernet_output
                0x10011864       0x6c CMakeFiles/iot_security_lab.dir/home/pedro/.pico-sdk/sdk/2.1.1/lib/lwip/src/netif/ethernet.c.o
                0x10011864                ethernet_output
 .text.cyw43_arch_wifi_connect_bssid_until.part.0
                0x100118d0      0x150 CMakeFiles/iot_security_lab.dir/home/pedro/.pico-sdk/sdk/2.1.1/src/rp2_common/pico_cyw43_arch/cyw43_arch.c.o
 .text.cyw43_arch_set_async_context
                0x10011a20        0xc CMakeFiles/iot_security_lab.dir/home/pedro/.pico-sdk/sdk/2.1.1/src/rp2_common/pico_cyw43_arch/cyw43_arch.c.o
                0x10011a20                cyw43_arch_set_async_context
 .text.cyw43_arch_enable_sta_mode